Archive member included to satisfy reference by file (symbol)

/home/sohamchakraborty/Desktop/Project 4/lib_projd.a(alarm.o)
                              obj/Debug/main.o (alarm_send)
/home/sohamchakraborty/Desktop/Project 4/lib_projd.a(config.o)
                              obj/Debug/main.o (config_set_modified)
/home/sohamchakraborty/Desktop/Project 4/lib_projd.a(delay.o)
                              obj/Debug/main.o (delay_isdone)
/home/sohamchakraborty/Desktop/Project 4/lib_projd.a(Dhcp.o)
                              obj/Debug/main.o (dhcp_getLocalIp)
/home/sohamchakraborty/Desktop/Project 4/lib_projd.a(eeprom.o)
                              /home/sohamchakraborty/Desktop/Project 4/lib_projd.a(config.o) (eeprom_writebuf)
/home/sohamchakraborty/Desktop/Project 4/lib_projd.a(led.o)
                              obj/Debug/main.o (led_init)
/home/sohamchakraborty/Desktop/Project 4/lib_projd.a(log.o)
                              obj/Debug/main.o (log_init)
/home/sohamchakraborty/Desktop/Project 4/lib_projd.a(ntp.o)
                              obj/Debug/main.o (ntp_sync_network_time)
/home/sohamchakraborty/Desktop/Project 4/lib_projd.a(rtc.o)
                              obj/Debug/main.o (rtc_init)
/home/sohamchakraborty/Desktop/Project 4/lib_projd.a(signature.o)
                              obj/Debug/main.o (signature_set)
/home/sohamchakraborty/Desktop/Project 4/lib_projd.a(socket.o)
                              /home/sohamchakraborty/Desktop/Project 4/lib_projd.a(alarm.o) (udpsocket_open_multicast)
/home/sohamchakraborty/Desktop/Project 4/lib_projd.a(spi.o)
                              obj/Debug/main.o (spi_init)
/home/sohamchakraborty/Desktop/Project 4/lib_projd.a(str.o)
                              /home/sohamchakraborty/Desktop/Project 4/lib_projd.a(Dhcp.o) (mem_cpy)
/home/sohamchakraborty/Desktop/Project 4/lib_projd.a(temp.o)
                              obj/Debug/main.o (temp_init)
/home/sohamchakraborty/Desktop/Project 4/lib_projd.a(tempfsm.o)
                              obj/Debug/main.o (tempfsm_init)
/home/sohamchakraborty/Desktop/Project 4/lib_projd.a(timer1.o)
                              /home/sohamchakraborty/Desktop/Project 4/lib_projd.a(rtc.o) (timer1_init)
/home/sohamchakraborty/Desktop/Project 4/lib_projd.a(uart.o)
                              obj/Debug/main.o (uart_init)
/home/sohamchakraborty/Desktop/Project 4/lib_projd.a(util.o)
                              /home/sohamchakraborty/Desktop/Project 4/lib_projd.a(signature.o) (str_cmp)
/home/sohamchakraborty/Desktop/Project 4/lib_projd.a(vpd.o)
                              obj/Debug/main.o (vpd)
/home/sohamchakraborty/Desktop/Project 4/lib_projd.a(w5x00.o)
                              obj/Debug/main.o (W5x_config)
/home/sohamchakraborty/Desktop/Project 4/lib_projd.a(wdt.o)
                              obj/Debug/main.o (wdt_init)
/home/sohamchakraborty/Desktop/Project 4/lib_projd.a(serial.o)
                              /home/sohamchakraborty/Desktop/Project 4/lib_projd.a(uart.o) (serial_init)
/usr/lib/gcc/avr/5.4.0/avr5/libgcc.a(_mulsi3.o)
                              /home/sohamchakraborty/Desktop/Project 4/lib_projd.a(rtc.o) (__mulsi3)
/usr/lib/gcc/avr/5.4.0/avr5/libgcc.a(_udivmodhi4.o)
                              /home/sohamchakraborty/Desktop/Project 4/lib_projd.a(rtc.o) (__udivmodhi4)
/usr/lib/gcc/avr/5.4.0/avr5/libgcc.a(_divmodhi4.o)
                              /home/sohamchakraborty/Desktop/Project 4/lib_projd.a(log.o) (__divmodhi4)
/usr/lib/gcc/avr/5.4.0/avr5/libgcc.a(_udivmodsi4.o)
                              /home/sohamchakraborty/Desktop/Project 4/lib_projd.a(Dhcp.o) (__udivmodsi4)
/usr/lib/gcc/avr/5.4.0/avr5/libgcc.a(_divmodsi4.o)
                              /home/sohamchakraborty/Desktop/Project 4/lib_projd.a(socket.o) (__divmodsi4)
/usr/lib/gcc/avr/5.4.0/avr5/libgcc.a(_negsi2.o)
                              /usr/lib/gcc/avr/5.4.0/avr5/libgcc.a(_divmodsi4.o) (__negsi2)
/usr/lib/gcc/avr/5.4.0/avr5/libgcc.a(_exit.o)
                              /usr/lib/gcc/avr/5.4.0/../../../avr/lib/avr5/crtatmega328p.o (exit)
/usr/lib/gcc/avr/5.4.0/avr5/libgcc.a(_tablejump2.o)
                              /home/sohamchakraborty/Desktop/Project 4/lib_projd.a(tempfsm.o) (__tablejump2__)
/usr/lib/gcc/avr/5.4.0/avr5/libgcc.a(_copy_data.o)
                              obj/Debug/main.o (__do_copy_data)
/usr/lib/gcc/avr/5.4.0/avr5/libgcc.a(_clear_bss.o)
                              obj/Debug/main.o (__do_clear_bss)
/usr/lib/gcc/avr/5.4.0/avr5/libgcc.a(_bswapsi2.o)
                              /home/sohamchakraborty/Desktop/Project 4/lib_projd.a(Dhcp.o) (__bswapsi2)
/usr/lib/gcc/avr/5.4.0/avr5/libgcc.a(_umulhisi3.o)
                              /home/sohamchakraborty/Desktop/Project 4/lib_projd.a(rtc.o) (__umulhisi3)
/usr/lib/gcc/avr/5.4.0/avr5/libgcc.a(_muluhisi3.o)
                              /home/sohamchakraborty/Desktop/Project 4/lib_projd.a(rtc.o) (__muluhisi3)

Allocating common symbols
[...]
Memory Configuration

Name             Origin             Length             Attributes
text             0x0000000000000000 0x0000000000020000 xr
data             0x0000000000800060 0x000000000000ffa0 rw !x
eeprom           0x0000000000810000 0x0000000000010000 rw !x
fuse             0x0000000000820000 0x0000000000000003 rw !x
lock             0x0000000000830000 0x0000000000000400 rw !x
signature        0x0000000000840000 0x0000000000000400 rw !x
user_signatures  0x0000000000850000 0x0000000000000400 rw !x
*default*        0x0000000000000000 0xffffffffffffffff

Linker script and memory map

Address of section .data set to 0x800100
LOAD /usr/lib/gcc/avr/5.4.0/../../../avr/lib/avr5/crtatmega328p.o
LOAD obj/Debug/main.o
LOAD obj/Debug/util.o
LOAD /home/sohamchakraborty/Desktop/Project 4/lib_projd.a
LOAD /home/sohamchakraborty/Desktop/Project 4/lib_projd.a
LOAD /usr/lib/gcc/avr/5.4.0/avr5/libgcc.a
LOAD /usr/lib/gcc/avr/5.4.0/../../../avr/lib/avr5/libm.a
START GROUP
LOAD /usr/lib/gcc/avr/5.4.0/avr5/libgcc.a
LOAD /usr/lib/gcc/avr/5.4.0/../../../avr/lib/avr5/libm.a
LOAD /usr/lib/gcc/avr/5.4.0/../../../avr/lib/avr5/libc.a
LOAD /usr/lib/gcc/avr/5.4.0/../../../avr/lib/avr5/libatmega328p.a
END GROUP
                0x0000000000020000                __TEXT_REGION_LENGTH__ = DEFINED (__TEXT_REGION_LENGTH__)?__TEXT_REGION_LENGTH__:0x20000
                0x000000000000ffa0                __DATA_REGION_LENGTH__ = DEFINED (__DATA_REGION_LENGTH__)?__DATA_REGION_LENGTH__:0xffa0
                0x0000000000010000                __EEPROM_REGION_LENGTH__ = DEFINED (__EEPROM_REGION_LENGTH__)?__EEPROM_REGION_LENGTH__:0x10000
                [0x0000000000000003]                __FUSE_REGION_LENGTH__ = DEFINED (__FUSE_REGION_LENGTH__)?__FUSE_REGION_LENGTH__:0x400
                0x0000000000000400                __LOCK_REGION_LENGTH__ = DEFINED (__LOCK_REGION_LENGTH__)?__LOCK_REGION_LENGTH__:0x400
                0x0000000000000400                __SIGNATURE_REGION_LENGTH__ = DEFINED (__SIGNATURE_REGION_LENGTH__)?__SIGNATURE_REGION_LENGTH__:0x400
                0x0000000000000400                __USER_SIGNATURE_REGION_LENGTH__ = DEFINED (__USER_SIGNATURE_REGION_LENGTH__)?__USER_SIGNATURE_REGION_LENGTH__:0x400

.hash
 *(.hash)

.dynsym
 *(.dynsym)

.dynstr
 *(.dynstr)

.gnu.version
 *(.gnu.version)

.gnu.version_d
 *(.gnu.version_d)

.gnu.version_r
 *(.gnu.version_r)

.rel.init
 *(.rel.init)

.rela.init
 *(.rela.init)

.rel.text
 *(.rel.text)
 *(.rel.text.*)
 *(.rel.gnu.linkonce.t*)

.rela.text
 *(.rela.text)
 *(.rela.text.*)
 *(.rela.gnu.linkonce.t*)

.rel.fini
 *(.rel.fini)

.rela.fini
 *(.rela.fini)

.rel.rodata
 *(.rel.rodata)
 *(.rel.rodata.*)
 *(.rel.gnu.linkonce.r*)

.rela.rodata
 *(.rela.rodata)
 *(.rela.rodata.*)
 *(.rela.gnu.linkonce.r*)

.rel.data
 *(.rel.data)
 *(.rel.data.*)
 *(.rel.gnu.linkonce.d*)

.rela.data
 *(.rela.data)
 *(.rela.data.*)
 *(.rela.gnu.linkonce.d*)

.rel.ctors
 *(.rel.ctors)

.rela.ctors
 *(.rela.ctors)

.rel.dtors
 *(.rel.dtors)

.rela.dtors
 *(.rela.dtors)

.rel.got
 *(.rel.got)

.rela.got
 *(.rela.got)

.rel.bss
 *(.rel.bss)

.rela.bss
 *(.rela.bss)

.rel.plt
 *(.rel.plt)

.rela.plt
 *(.rela.plt)

.text           0x0000000000000000     0x5460
 *(.vectors)
 .vectors       0x0000000000000000       0x68 /usr/lib/gcc/avr/5.4.0/../../../avr/lib/avr5/crtatmega328p.o
                0x0000000000000000                __vectors
                0x0000000000000000                __vector_default
 *(.vectors)
 *(.progmem.gcc*)
 .progmem.gcc_sw_table
                0x0000000000000068       0x12 /home/sohamchakraborty/Desktop/Project 4/lib_projd.a(tempfsm.o)
                0x000000000000007a                . = ALIGN (0x2)
                0x000000000000007a                __trampolines_start = .
 *(.trampolines)
 .trampolines   0x000000000000007a        0x0 linker stubs
 *(.trampolines*)
                0x000000000000007a                __trampolines_end = .
 *libprintf_flt.a:*(.progmem.data)
 *libc.a:*(.progmem.data)
 *(.progmem*)
                0x000000000000007a                . = ALIGN (0x2)
 *(.jumptables)
 *(.jumptables*)
 *(.lowtext)
 *(.lowtext*)
                0x000000000000007a                __ctors_start = .
 *(.ctors)
                0x000000000000007a                __ctors_end = .
                0x000000000000007a                __dtors_start = .
 *(.dtors)
                0x000000000000007a                __dtors_end = .
 SORT(*)(.ctors)
 SORT(*)(.dtors)
 *(.init0)
 .init0         0x000000000000007a        0x0 /usr/lib/gcc/avr/5.4.0/../../../avr/lib/avr5/crtatmega328p.o
                0x000000000000007a                __init
 *(.init0)
 *(.init1)
 *(.init1)
 *(.init2)
 .init2         0x000000000000007a        0xc /usr/lib/gcc/avr/5.4.0/../../../avr/lib/avr5/crtatmega328p.o
 *(.init2)
 *(.init3)
 *(.init3)
 *(.init4)
 .init4         0x0000000000000086       0x16 /usr/lib/gcc/avr/5.4.0/avr5/libgcc.a(_copy_data.o)
                0x0000000000000086                __do_copy_data
 .init4         0x000000000000009c       0x10 /usr/lib/gcc/avr/5.4.0/avr5/libgcc.a(_clear_bss.o)
                0x000000000000009c                __do_clear_bss
 *(.init4)
 *(.init5)
 *(.init5)
 *(.init6)
 *(.init6)
 *(.init7)
 *(.init7)
 *(.init8)
 *(.init8)
 *(.init9)
 .init9         0x00000000000000ac        0x8 /usr/lib/gcc/avr/5.4.0/../../../avr/lib/avr5/crtatmega328p.o
 *(.init9)
 *(.text)
 .text          0x00000000000000b4        0x4 /usr/lib/gcc/avr/5.4.0/../../../avr/lib/avr5/crtatmega328p.o
                0x00000000000000b4                __vector_1
                0x00000000000000b4                __vector_24
                0x00000000000000b4                __vector_12
                0x00000000000000b4                __bad_interrupt
                0x00000000000000b4                __vector_3
                0x00000000000000b4                __vector_23
                0x00000000000000b4                __vector_25
                0x00000000000000b4                __vector_13
                0x00000000000000b4                __vector_17
                0x00000000000000b4                __vector_7
                0x00000000000000b4                __vector_5
                0x00000000000000b4                __vector_4
                0x00000000000000b4                __vector_9
                0x00000000000000b4                __vector_2
                0x00000000000000b4                __vector_21
                0x00000000000000b4                __vector_15
                0x00000000000000b4                __vector_8
                0x00000000000000b4                __vector_10
                0x00000000000000b4                __vector_16
                0x00000000000000b4                __vector_20
 .text          0x00000000000000b8      0xc94 obj/Debug/main.o
                0x00000000000000b8                main
                0x0000000000000260                http_parse_init
                0x0000000000000278                http_parse_update
 .text          0x0000000000000d4c      0x1b0 obj/Debug/util.o
                0x0000000000000d4c                calc_checksum
                0x0000000000000dce                update_tcrit_hi
                0x0000000000000e18                update_twarn_hi
                0x0000000000000e6a                update_twarn_lo
                0x0000000000000ebc                update_tcrit_lo
 .text          0x0000000000000efc      0x18c /home/sohamchakraborty/Desktop/Project 4/lib_projd.a(alarm.o)
                0x0000000000000efc                alarm_init
                0x0000000000000efe                alarm_send
 .text          0x0000000000001088       0xf0 /home/sohamchakraborty/Desktop/Project 4/lib_projd.a(config.o)
                0x0000000000001088                config_set_modified
                0x0000000000001090                config_is_data_valid
                0x00000000000010d0                config_write_defaults
                0x00000000000010ea                config_init
                0x0000000000001120                config_update
                0x0000000000001150                config_update_noisr
 .text          0x0000000000001178      0x19e /home/sohamchakraborty/Desktop/Project 4/lib_projd.a(delay.o)
                0x0000000000001178                __vector_14
                0x000000000000121a                delay_init
                0x000000000000123e                delay_get
                0x000000000000125e                delay_isdone
                0x0000000000001290                delay_set
                0x00000000000012e4                millis
 .text          0x0000000000001316      0xbfc /home/sohamchakraborty/Desktop/Project 4/lib_projd.a(Dhcp.o)
                0x0000000000001316                dhcp_getLocalIp
                0x000000000000131c                dhcp_getSubnetMask
                0x0000000000001322                dhcp_getGatewayIp
                0x0000000000001328                dhcp_getDhcpServerIp
                0x000000000000132e                dhcp_getDnsServerIp
                0x0000000000001334                _ZN9DhcpClass16reset_DHCP_leaseEv
                0x0000000000001340                _ZN9DhcpClass12presend_DHCPEv
                0x0000000000001342                _ZN9DhcpClass17parseDHCPResponseEmRm
                0x0000000000001778                _ZN9DhcpClass10getLocalIpEv
                0x000000000000177c                _ZN9DhcpClass13getSubnetMaskEv
                0x0000000000001780                _ZN9DhcpClass12getGatewayIpEv
                0x0000000000001784                _ZN9DhcpClass15getDhcpServerIpEv
                0x0000000000001788                _ZN9DhcpClass14getDnsServerIpEv
                0x000000000000178c                _ZN9DhcpClass9printByteEPch
                0x00000000000017b6                _ZN9DhcpClass17send_DHCP_MESSAGEEhj
                0x0000000000001a32                _ZN9DhcpClass18request_DHCP_leaseEv
                0x0000000000001d2e                _ZN9DhcpClass13beginWithDHCPEPhmm
                0x0000000000001dac                dhcp_start
                0x0000000000001dd0                _ZN9DhcpClass10checkLeaseEv
                0x0000000000001f0a                dhcp_checkLease
 .text          0x0000000000001f12      0x12c /home/sohamchakraborty/Desktop/Project 4/lib_projd.a(eeprom.o)
                0x0000000000001f12                eeprom_startwrite
                0x0000000000001f18                __vector_22
                0x0000000000001fa4                eeprom_writebuf
                0x0000000000001fde                eeprom_writebuf_noisr
                0x000000000000200c                eeprom_readbuf
                0x0000000000002036                eeprom_isbusy
 .text          0x000000000000203e       0xfc /home/sohamchakraborty/Desktop/Project 4/lib_projd.a(led.o)
                0x000000000000203e                led_init
                0x0000000000002050                led_on
                0x0000000000002054                led_off
                0x0000000000002058                led_set_blink
                0x000000000000207c                led_update
                0x0000000000002130                led_is_on
 .text          0x000000000000213a      0x43c /home/sohamchakraborty/Desktop/Project 4/lib_projd.a(log.o)
                0x000000000000213a                log_is_data_valid
                0x0000000000002186                log_init
                0x0000000000002310                log_update
                0x000000000000237c                log_update_noisr
                0x00000000000023e0                log_add_record
                0x0000000000002482                log_clear
                0x00000000000024bc                log_get_num_entries
                0x00000000000024ee                log_get_record
 .text          0x0000000000002576      0x1be /home/sohamchakraborty/Desktop/Project 4/lib_projd.a(ntp.o)
                0x0000000000002576                ntp_sync_network_time
 .text          0x0000000000002734      0x5d8 /home/sohamchakraborty/Desktop/Project 4/lib_projd.a(rtc.o)
                0x0000000000002734                rtc_init
                0x0000000000002738                rtc_get_date
                0x000000000000273c                rtc_set_date
                0x0000000000002750                is_leapyear
                0x0000000000002784                rtc_set_by_datestr
                0x0000000000002a4e                get_month
                0x0000000000002ade                rtc_num2datestr
                0x0000000000002ce4                rtc_get_date_string
 .text          0x0000000000002d0c       0xea /home/sohamchakraborty/Desktop/Project 4/lib_projd.a(signature.o)
                0x0000000000002d0c                signature_set
                0x0000000000002dd4                check_for_test_start
 .text          0x0000000000002df6      0xb78 /home/sohamchakraborty/Desktop/Project 4/lib_projd.a(socket.o)
                0x0000000000002df6                udpsocket_open_multicast
                0x0000000000002e7c                udpsocket_is_open
                0x0000000000002e8c                socket_is_active
                0x0000000000002ea8                socket_is_listening
                0x0000000000002eb8                socket_is_established
                0x0000000000002ec8                socket_is_closed
                0x0000000000002ed6                udpsocket_is_closed
                0x0000000000002eda                socket_close
                0x0000000000002f40                udpsocket_open
                0x0000000000002f48                socket_open
                0x0000000000002f50                udpsocket_close
                0x0000000000002f54                socket_listen
                0x0000000000002f72                socket_connect
                0x0000000000002fda                socket_disconnect
                0x0000000000002fe0                socket_send
                0x000000000000306c                socket_recv
                0x00000000000030e0                socket_recv_available
                0x00000000000030e4                udpsocket_recv_available
                0x00000000000030e8                socket_peek
                0x00000000000030f8                udpsocket_sendto
                0x000000000000319c                udpsocket_recv_data
                0x00000000000031de                udpsocket_recvfrom
                0x0000000000003330                socket_igmpsend
                0x000000000000338e                udpsocket_add_to_datagram
                0x00000000000033d4                socket_writestr
                0x00000000000033f4                socket_writechar
                0x0000000000003416                socket_writequotedstring
                0x000000000000343c                socket_writedate
                0x0000000000003456                socket_writehex8
                0x0000000000003492                socket_write_macaddress
                0x00000000000034e4                socket_writehex16
                0x00000000000034fe                socket_writedec32
                0x0000000000003624                udpsocket_start_datagram
                0x000000000000366e                udpsocket_send_datagram
                0x00000000000036aa                socket_received_line
                0x0000000000003706                socket_is_blank_line
                0x000000000000374a                socket_recv_compare
                0x00000000000037f6                socket_flush_line
                0x0000000000003888                socket_recv_int
 .text          0x000000000000396e       0x5c /home/sohamchakraborty/Desktop/Project 4/lib_projd.a(spi.o)
                0x000000000000396e                spi_init
                0x0000000000003992                spi_is_locked
                0x0000000000003998                spi_begin_transfer
                0x00000000000039b4                spi_transfer
                0x00000000000039c2                spi_end_transfer
 .text          0x00000000000039ca      0x144 /home/sohamchakraborty/Desktop/Project 4/lib_projd.a(str.o)
                0x00000000000039ca                mem_cpy
                0x00000000000039e2                mem_set
                0x00000000000039f6                mem_cmp
                0x0000000000003a24                str_cpy
                0x0000000000003a38                str_len
                0x0000000000003a4a                str_writeudec16
 .text          0x0000000000003b0e       0x6e /home/sohamchakraborty/Desktop/Project 4/lib_projd.a(temp.o)
                0x0000000000003b0e                temp_init
                0x0000000000003b1c                temp_is_data_ready
                0x0000000000003b32                temp_start
                0x0000000000003b3e                temp_get
 .text          0x0000000000003b7c      0x170 /home/sohamchakraborty/Desktop/Project 4/lib_projd.a(tempfsm.o)
                0x0000000000003b7c                tempfsm_init
                0x0000000000003b7e                tempfsm_update
                0x0000000000003ce2                tempfsm_reset
 .text          0x0000000000003cec       0x9a /home/sohamchakraborty/Desktop/Project 4/lib_projd.a(timer1.o)
                0x0000000000003cec                __vector_11
                0x0000000000003d36                timer1_init
                0x0000000000003d56                timer1_get
                0x0000000000003d6e                timer1_clear
 .text          0x0000000000003d86      0x23c /home/sohamchakraborty/Desktop/Project 4/lib_projd.a(uart.o)
                0x0000000000003d86                uart_init
                0x0000000000003d8e                uart_writechar
                0x0000000000003d92                uart_writestr
                0x0000000000003daa                uart_writehex8
                0x0000000000003ddc                uart_writehex16
                0x0000000000003dee                uart_writedec32
                0x0000000000003f16                uart_is_connected
                0x0000000000003f1a                uart_is_packet_available
                0x0000000000003f1e                uart_readpacket
                0x0000000000003f7e                uart_writeip
 .text          0x0000000000003fc2      0x214 /home/sohamchakraborty/Desktop/Project 4/lib_projd.a(util.o)
                0x0000000000003fc2                str_cmp
                0x0000000000003ff8                update_checksum
                0x0000000000004020                random_seed
                0x0000000000004056                random
                0x0000000000004158                strtoi
 .text          0x00000000000041d6       0xc6 /home/sohamchakraborty/Desktop/Project 4/lib_projd.a(vpd.o)
                0x00000000000041d6                vpd_is_data_valid
                0x0000000000004216                vpd_write_defaults
                0x000000000000426a                vpd_init
 .text          0x000000000000429c      0xbfe /home/sohamchakraborty/Desktop/Project 4/lib_projd.a(w5x00.o)
                0x000000000000429c                W5x_writebuf
                0x00000000000043a2                W5x_write
                0x00000000000043c4                W5x_config
                0x0000000000004560                W5x_readbuf
                0x000000000000466a                W5x_read
                0x000000000000468c                W5x_readSn
                0x000000000000469c                W5x_writeSn
                0x00000000000046b2                W5x_readbufSn
                0x00000000000046c8                W5x_writebufSn
                0x00000000000046de                W5x_read_data
                0x0000000000004764                W5x_writeMR
                0x000000000000476e                W5x_readMR
                0x0000000000004776                isW5100
                0x00000000000047ec                isW5500
                0x0000000000004862                W5x_init
                0x0000000000004870                W5x_writebufGAR
                0x000000000000487e                W5x_readbufGAR
                0x000000000000488c                W5x_writebufSUBR
                0x000000000000489a                W5x_readbufSUBR
                0x00000000000048a8                W5x_writebufSHAR
                0x00000000000048b6                W5x_readbufSHAR
                0x00000000000048c4                W5x_writebufSIPR
                0x00000000000048d2                W5x_readbufSIPR
                0x00000000000048e0                W5x_writeIR
                0x00000000000048ea                W5x_readIR
                0x00000000000048f2                W5x_writeRTR
                0x000000000000490c                W5x_readRTR
                0x0000000000004936                W5x_writebufUIPR
                0x0000000000004944                W5x_readbufUIPR
                0x0000000000004952                W5x_writeUPORT
                0x000000000000496c                W5x_readUPORT
                0x0000000000004996                W5x_writeSnMR
                0x00000000000049a0                W5x_readSnMR
                0x00000000000049a8                W5x_writeSnCR
                0x00000000000049b2                W5x_readSnCR
                0x00000000000049ba                W5x_execCmdSn
                0x00000000000049d0                W5x_writeSnIR
                0x00000000000049da                W5x_readSnIR
                0x00000000000049e2                W5x_writeSnSR
                0x00000000000049ec                W5x_readSnSR
                0x00000000000049f4                W5x_writeSnPORT
                0x0000000000004a16                W5x_readSnPORT
                0x0000000000004a46                W5x_writeSnDHAR
                0x0000000000004a54                W5x_readSnDHAR
                0x0000000000004a62                W5x_writeSnDIPR
                0x0000000000004a70                W5x_readSnDIPR
                0x0000000000004a7e                W5x_writeSnDPORT
                0x0000000000004aa0                W5x_readSnDPORT
                0x0000000000004ad0                W5x_writeSnMSSR
                0x0000000000004af2                W5x_readSnMSSR
                0x0000000000004b22                W5x_writeSnTX_FSR
                0x0000000000004b44                W5x_readSnTX_FSR
                0x0000000000004b74                W5x_getTXFreeSize
                0x0000000000004bac                W5x_writeSnTX_RD
                0x0000000000004bce                W5x_readSnTX_RD
                0x0000000000004bfe                W5x_writeSnTX_WR
                0x0000000000004c20                W5x_send_data_processing_offset
                0x0000000000004cb6                W5x_send_data_processing
                0x0000000000004cc2                W5x_readSnTX_WR
                0x0000000000004cf2                W5x_writeSnRX_RSR
                0x0000000000004d14                W5x_readSnRX_RSR
                0x0000000000004d44                W5x_getRXReceivedSize
                0x0000000000004d7c                W5x_writeSnRX_RD
                0x0000000000004d9e                W5x_readSnRX_RD
                0x0000000000004dce                W5x_recv_data_processing_offset
                0x0000000000004e38                W5x_recv_data_processing
                0x0000000000004e48                W5x_writeSnRX_WR
                0x0000000000004e6a                W5x_readSnRX_WR
 .text          0x0000000000004e9a       0x46 /home/sohamchakraborty/Desktop/Project 4/lib_projd.a(wdt.o)
                0x0000000000004e9a                __vector_6
                0x0000000000004eb8                wdt_init
                0x0000000000004ed0                wdt_reset
                0x0000000000004ed4                wdt_force_restart
 .text          0x0000000000004ee0      0x43c /home/sohamchakraborty/Desktop/Project 4/lib_projd.a(serial.o)
                0x0000000000004ee0                serial_init
                0x0000000000004f06                __vector_18
                0x0000000000005156                __vector_19
                0x00000000000051bc                serial_rxchars
                0x00000000000051ca                serial_popchar
                0x0000000000005214                serial_isconnected
                0x0000000000005262                serial_is_packet_ready
                0x0000000000005268                serial_writechar
                0x00000000000052c8                serial_writestr
                0x00000000000052f2                serial_writestr_P
 .text          0x000000000000531c        0x0 /usr/lib/gcc/avr/5.4.0/avr5/libgcc.a(_mulsi3.o)
 .text          0x000000000000531c        0x0 /usr/lib/gcc/avr/5.4.0/avr5/libgcc.a(_udivmodhi4.o)
 .text          0x000000000000531c        0x0 /usr/lib/gcc/avr/5.4.0/avr5/libgcc.a(_divmodhi4.o)
 .text          0x000000000000531c        0x0 /usr/lib/gcc/avr/5.4.0/avr5/libgcc.a(_udivmodsi4.o)
 .text          0x000000000000531c        0x0 /usr/lib/gcc/avr/5.4.0/avr5/libgcc.a(_divmodsi4.o)
 .text          0x000000000000531c        0x0 /usr/lib/gcc/avr/5.4.0/avr5/libgcc.a(_negsi2.o)
 .text          0x000000000000531c        0x0 /usr/lib/gcc/avr/5.4.0/avr5/libgcc.a(_exit.o)
 .text          0x000000000000531c        0x0 /usr/lib/gcc/avr/5.4.0/avr5/libgcc.a(_tablejump2.o)
 .text          0x000000000000531c        0x0 /usr/lib/gcc/avr/5.4.0/avr5/libgcc.a(_copy_data.o)
 .text          0x000000000000531c        0x0 /usr/lib/gcc/avr/5.4.0/avr5/libgcc.a(_clear_bss.o)
 .text          0x000000000000531c        0x0 /usr/lib/gcc/avr/5.4.0/avr5/libgcc.a(_bswapsi2.o)
 .text          0x000000000000531c        0x0 /usr/lib/gcc/avr/5.4.0/avr5/libgcc.a(_umulhisi3.o)
 .text          0x000000000000531c        0x0 /usr/lib/gcc/avr/5.4.0/avr5/libgcc.a(_muluhisi3.o)
                0x000000000000531c                . = ALIGN (0x2)
 *(.text.*)
 .text.libgcc.mul
                0x000000000000531c       0x20 /usr/lib/gcc/avr/5.4.0/avr5/libgcc.a(_mulsi3.o)
                0x000000000000531c                __mulsi3
 .text.libgcc.div
                0x000000000000533c        0x0 /usr/lib/gcc/avr/5.4.0/avr5/libgcc.a(_mulsi3.o)
 .text.libgcc   0x000000000000533c        0x0 /usr/lib/gcc/avr/5.4.0/avr5/libgcc.a(_mulsi3.o)
 .text.libgcc.prologue
                0x000000000000533c        0x0 /usr/lib/gcc/avr/5.4.0/avr5/libgcc.a(_mulsi3.o)
 .text.libgcc.builtins
                0x000000000000533c        0x0 /usr/lib/gcc/avr/5.4.0/avr5/libgcc.a(_mulsi3.o)
 .text.libgcc.fmul
                0x000000000000533c        0x0 /usr/lib/gcc/avr/5.4.0/avr5/libgcc.a(_mulsi3.o)
 .text.libgcc.fixed
                0x000000000000533c        0x0 /usr/lib/gcc/avr/5.4.0/avr5/libgcc.a(_mulsi3.o)
 .text.libgcc.mul
                0x000000000000533c        0x0 /usr/lib/gcc/avr/5.4.0/avr5/libgcc.a(_udivmodhi4.o)
 .text.libgcc.div
                0x000000000000533c       0x28 /usr/lib/gcc/avr/5.4.0/avr5/libgcc.a(_udivmodhi4.o)
                0x000000000000533c                __udivmodhi4
 .text.libgcc   0x0000000000005364        0x0 /usr/lib/gcc/avr/5.4.0/avr5/libgcc.a(_udivmodhi4.o)
 .text.libgcc.prologue
                0x0000000000005364        0x0 /usr/lib/gcc/avr/5.4.0/avr5/libgcc.a(_udivmodhi4.o)
 .text.libgcc.builtins
                0x0000000000005364        0x0 /usr/lib/gcc/avr/5.4.0/avr5/libgcc.a(_udivmodhi4.o)
 .text.libgcc.fmul
                0x0000000000005364        0x0 /usr/lib/gcc/avr/5.4.0/avr5/libgcc.a(_udivmodhi4.o)
 .text.libgcc.fixed
                0x0000000000005364        0x0 /usr/lib/gcc/avr/5.4.0/avr5/libgcc.a(_udivmodhi4.o)
 .text.libgcc.mul
                0x0000000000005364        0x0 /usr/lib/gcc/avr/5.4.0/avr5/libgcc.a(_divmodhi4.o)
 .text.libgcc.div
                0x0000000000005364       0x28 /usr/lib/gcc/avr/5.4.0/avr5/libgcc.a(_divmodhi4.o)
                0x0000000000005364                __divmodhi4
                0x0000000000005364                _div
 .text.libgcc   0x000000000000538c        0x0 /usr/lib/gcc/avr/5.4.0/avr5/libgcc.a(_divmodhi4.o)
 .text.libgcc.prologue
                0x000000000000538c        0x0 /usr/lib/gcc/avr/5.4.0/avr5/libgcc.a(_divmodhi4.o)
 .text.libgcc.builtins
                0x000000000000538c        0x0 /usr/lib/gcc/avr/5.4.0/avr5/libgcc.a(_divmodhi4.o)
 .text.libgcc.fmul
                0x000000000000538c        0x0 /usr/lib/gcc/avr/5.4.0/avr5/libgcc.a(_divmodhi4.o)
 .text.libgcc.fixed
                0x000000000000538c        0x0 /usr/lib/gcc/avr/5.4.0/avr5/libgcc.a(_divmodhi4.o)
 .text.libgcc.mul
                0x000000000000538c        0x0 /usr/lib/gcc/avr/5.4.0/avr5/libgcc.a(_udivmodsi4.o)
 .text.libgcc.div
                0x000000000000538c       0x44 /usr/lib/gcc/avr/5.4.0/avr5/libgcc.a(_udivmodsi4.o)
                0x000000000000538c                __udivmodsi4
 .text.libgcc   0x00000000000053d0        0x0 /usr/lib/gcc/avr/5.4.0/avr5/libgcc.a(_udivmodsi4.o)
 .text.libgcc.prologue
                0x00000000000053d0        0x0 /usr/lib/gcc/avr/5.4.0/avr5/libgcc.a(_udivmodsi4.o)
 .text.libgcc.builtins
                0x00000000000053d0        0x0 /usr/lib/gcc/avr/5.4.0/avr5/libgcc.a(_udivmodsi4.o)
 .text.libgcc.fmul
                0x00000000000053d0        0x0 /usr/lib/gcc/avr/5.4.0/avr5/libgcc.a(_udivmodsi4.o)
 .text.libgcc.fixed
                0x00000000000053d0        0x0 /usr/lib/gcc/avr/5.4.0/avr5/libgcc.a(_udivmodsi4.o)
 .text.libgcc.mul
                0x00000000000053d0        0x0 /usr/lib/gcc/avr/5.4.0/avr5/libgcc.a(_divmodsi4.o)
 .text.libgcc.div
                0x00000000000053d0       0x2e /usr/lib/gcc/avr/5.4.0/avr5/libgcc.a(_divmodsi4.o)
                0x00000000000053d0                __divmodsi4
 .text.libgcc   0x00000000000053fe        0x0 /usr/lib/gcc/avr/5.4.0/avr5/libgcc.a(_divmodsi4.o)
 .text.libgcc.prologue
                0x00000000000053fe        0x0 /usr/lib/gcc/avr/5.4.0/avr5/libgcc.a(_divmodsi4.o)
 .text.libgcc.builtins
                0x00000000000053fe        0x0 /usr/lib/gcc/avr/5.4.0/avr5/libgcc.a(_divmodsi4.o)
 .text.libgcc.fmul
                0x00000000000053fe        0x0 /usr/lib/gcc/avr/5.4.0/avr5/libgcc.a(_divmodsi4.o)
 .text.libgcc.fixed
                0x00000000000053fe        0x0 /usr/lib/gcc/avr/5.4.0/avr5/libgcc.a(_divmodsi4.o)
 .text.libgcc.mul
                0x00000000000053fe        0x0 /usr/lib/gcc/avr/5.4.0/avr5/libgcc.a(_negsi2.o)
 .text.libgcc.div
                0x00000000000053fe       0x10 /usr/lib/gcc/avr/5.4.0/avr5/libgcc.a(_negsi2.o)
                0x00000000000053fe                __negsi2
 .text.libgcc   0x000000000000540e        0x0 /usr/lib/gcc/avr/5.4.0/avr5/libgcc.a(_negsi2.o)
 .text.libgcc.prologue
                0x000000000000540e        0x0 /usr/lib/gcc/avr/5.4.0/avr5/libgcc.a(_negsi2.o)
 .text.libgcc.builtins
                0x000000000000540e        0x0 /usr/lib/gcc/avr/5.4.0/avr5/libgcc.a(_negsi2.o)
 .text.libgcc.fmul
                0x000000000000540e        0x0 /usr/lib/gcc/avr/5.4.0/avr5/libgcc.a(_negsi2.o)
 .text.libgcc.fixed
                0x000000000000540e        0x0 /usr/lib/gcc/avr/5.4.0/avr5/libgcc.a(_negsi2.o)
 .text.libgcc.mul
                0x000000000000540e        0x0 /usr/lib/gcc/avr/5.4.0/avr5/libgcc.a(_exit.o)
 .text.libgcc.div
                0x000000000000540e        0x0 /usr/lib/gcc/avr/5.4.0/avr5/libgcc.a(_exit.o)
 .text.libgcc   0x000000000000540e        0x0 /usr/lib/gcc/avr/5.4.0/avr5/libgcc.a(_exit.o)
 .text.libgcc.prologue
                0x000000000000540e        0x0 /usr/lib/gcc/avr/5.4.0/avr5/libgcc.a(_exit.o)
 .text.libgcc.builtins
                0x000000000000540e        0x0 /usr/lib/gcc/avr/5.4.0/avr5/libgcc.a(_exit.o)
 .text.libgcc.fmul
                0x000000000000540e        0x0 /usr/lib/gcc/avr/5.4.0/avr5/libgcc.a(_exit.o)
 .text.libgcc.fixed
                0x000000000000540e        0x0 /usr/lib/gcc/avr/5.4.0/avr5/libgcc.a(_exit.o)
 .text.libgcc.mul
                0x000000000000540e        0x0 /usr/lib/gcc/avr/5.4.0/avr5/libgcc.a(_tablejump2.o)
 .text.libgcc.div
                0x000000000000540e        0x0 /usr/lib/gcc/avr/5.4.0/avr5/libgcc.a(_tablejump2.o)
 .text.libgcc   0x000000000000540e        0xc /usr/lib/gcc/avr/5.4.0/avr5/libgcc.a(_tablejump2.o)
                0x000000000000540e                __tablejump2__
 .text.libgcc.prologue
                0x000000000000541a        0x0 /usr/lib/gcc/avr/5.4.0/avr5/libgcc.a(_tablejump2.o)
 .text.libgcc.builtins
                0x000000000000541a        0x0 /usr/lib/gcc/avr/5.4.0/avr5/libgcc.a(_tablejump2.o)
 .text.libgcc.fmul
                0x000000000000541a        0x0 /usr/lib/gcc/avr/5.4.0/avr5/libgcc.a(_tablejump2.o)
 .text.libgcc.fixed
                0x000000000000541a        0x0 /usr/lib/gcc/avr/5.4.0/avr5/libgcc.a(_tablejump2.o)
 .text.libgcc.mul
                0x000000000000541a        0x0 /usr/lib/gcc/avr/5.4.0/avr5/libgcc.a(_copy_data.o)
 .text.libgcc.div
                0x000000000000541a        0x0 /usr/lib/gcc/avr/5.4.0/avr5/libgcc.a(_copy_data.o)
 .text.libgcc   0x000000000000541a        0x0 /usr/lib/gcc/avr/5.4.0/avr5/libgcc.a(_copy_data.o)
 .text.libgcc.prologue
                0x000000000000541a        0x0 /usr/lib/gcc/avr/5.4.0/avr5/libgcc.a(_copy_data.o)
 .text.libgcc.builtins
                0x000000000000541a        0x0 /usr/lib/gcc/avr/5.4.0/avr5/libgcc.a(_copy_data.o)
 .text.libgcc.fmul
                0x000000000000541a        0x0 /usr/lib/gcc/avr/5.4.0/avr5/libgcc.a(_copy_data.o)
 .text.libgcc.fixed
                0x000000000000541a        0x0 /usr/lib/gcc/avr/5.4.0/avr5/libgcc.a(_copy_data.o)
 .text.libgcc.mul
                0x000000000000541a        0x0 /usr/lib/gcc/avr/5.4.0/avr5/libgcc.a(_clear_bss.o)
 .text.libgcc.div
                0x000000000000541a        0x0 /usr/lib/gcc/avr/5.4.0/avr5/libgcc.a(_clear_bss.o)
 .text.libgcc   0x000000000000541a        0x0 /usr/lib/gcc/avr/5.4.0/avr5/libgcc.a(_clear_bss.o)
 .text.libgcc.prologue
                0x000000000000541a        0x0 /usr/lib/gcc/avr/5.4.0/avr5/libgcc.a(_clear_bss.o)
 .text.libgcc.builtins
                0x000000000000541a        0x0 /usr/lib/gcc/avr/5.4.0/avr5/libgcc.a(_clear_bss.o)
 .text.libgcc.fmul
                0x000000000000541a        0x0 /usr/lib/gcc/avr/5.4.0/avr5/libgcc.a(_clear_bss.o)
 .text.libgcc.fixed
                0x000000000000541a        0x0 /usr/lib/gcc/avr/5.4.0/avr5/libgcc.a(_clear_bss.o)
 .text.libgcc.mul
                0x000000000000541a        0x0 /usr/lib/gcc/avr/5.4.0/avr5/libgcc.a(_bswapsi2.o)
 .text.libgcc.div
                0x000000000000541a        0x0 /usr/lib/gcc/avr/5.4.0/avr5/libgcc.a(_bswapsi2.o)
 .text.libgcc   0x000000000000541a        0x0 /usr/lib/gcc/avr/5.4.0/avr5/libgcc.a(_bswapsi2.o)
 .text.libgcc.prologue
                0x000000000000541a        0x0 /usr/lib/gcc/avr/5.4.0/avr5/libgcc.a(_bswapsi2.o)
 .text.libgcc.builtins
                0x000000000000541a        0xe /usr/lib/gcc/avr/5.4.0/avr5/libgcc.a(_bswapsi2.o)
                0x000000000000541a                __bswapsi2
 .text.libgcc.fmul
                0x0000000000005428        0x0 /usr/lib/gcc/avr/5.4.0/avr5/libgcc.a(_bswapsi2.o)
 .text.libgcc.fixed
                0x0000000000005428        0x0 /usr/lib/gcc/avr/5.4.0/avr5/libgcc.a(_bswapsi2.o)
 .text.libgcc.mul
                0x0000000000005428       0x1e /usr/lib/gcc/avr/5.4.0/avr5/libgcc.a(_umulhisi3.o)
                0x0000000000005428                __umulhisi3
 .text.libgcc.div
                0x0000000000005446        0x0 /usr/lib/gcc/avr/5.4.0/avr5/libgcc.a(_umulhisi3.o)
 .text.libgcc   0x0000000000005446        0x0 /usr/lib/gcc/avr/5.4.0/avr5/libgcc.a(_umulhisi3.o)
 .text.libgcc.prologue
                0x0000000000005446        0x0 /usr/lib/gcc/avr/5.4.0/avr5/libgcc.a(_umulhisi3.o)
 .text.libgcc.builtins
                0x0000000000005446        0x0 /usr/lib/gcc/avr/5.4.0/avr5/libgcc.a(_umulhisi3.o)
 .text.libgcc.fmul
                0x0000000000005446        0x0 /usr/lib/gcc/avr/5.4.0/avr5/libgcc.a(_umulhisi3.o)
 .text.libgcc.fixed
                0x0000000000005446        0x0 /usr/lib/gcc/avr/5.4.0/avr5/libgcc.a(_umulhisi3.o)
 .text.libgcc.mul
                0x0000000000005446       0x16 /usr/lib/gcc/avr/5.4.0/avr5/libgcc.a(_muluhisi3.o)
                0x0000000000005446                __muluhisi3
 .text.libgcc.div
                0x000000000000545c        0x0 /usr/lib/gcc/avr/5.4.0/avr5/libgcc.a(_muluhisi3.o)
 .text.libgcc   0x000000000000545c        0x0 /usr/lib/gcc/avr/5.4.0/avr5/libgcc.a(_muluhisi3.o)
 .text.libgcc.prologue
                0x000000000000545c        0x0 /usr/lib/gcc/avr/5.4.0/avr5/libgcc.a(_muluhisi3.o)
 .text.libgcc.builtins
                0x000000000000545c        0x0 /usr/lib/gcc/avr/5.4.0/avr5/libgcc.a(_muluhisi3.o)
 .text.libgcc.fmul
                0x000000000000545c        0x0 /usr/lib/gcc/avr/5.4.0/avr5/libgcc.a(_muluhisi3.o)
 .text.libgcc.fixed
                0x000000000000545c        0x0 /usr/lib/gcc/avr/5.4.0/avr5/libgcc.a(_muluhisi3.o)
                0x000000000000545c                . = ALIGN (0x2)
 *(.fini9)
 .fini9         0x000000000000545c        0x0 /usr/lib/gcc/avr/5.4.0/avr5/libgcc.a(_exit.o)
                0x000000000000545c                exit
                0x000000000000545c                _exit
 *(.fini9)
 *(.fini8)
 *(.fini8)
 *(.fini7)
 *(.fini7)
 *(.fini6)
 *(.fini6)
 *(.fini5)
 *(.fini5)
 *(.fini4)
 *(.fini4)
 *(.fini3)
 *(.fini3)
 *(.fini2)
 *(.fini2)
 *(.fini1)
 *(.fini1)
 *(.fini0)
 .fini0         0x000000000000545c        0x4 /usr/lib/gcc/avr/5.4.0/avr5/libgcc.a(_exit.o)
 *(.fini0)
                0x0000000000005460                _etext = .

.siminfo        0x0000000000005460       0x28
 .siminfo       0x0000000000005460       0x28 /home/sohamchakraborty/Desktop/Project 4/lib_projd.a(uart.o)
                0x0000000000005460                siminfo_serial_out
                0x000000000000546b                siminfo_serial_in
                0x0000000000005476                siminfo_cpufrequency
                0x000000000000547c                siminfo_device

.data           0x0000000000800100      0x42e load address 0x0000000000005488
                0x0000000000800100                PROVIDE (__data_start, .)
 *(.data)
 .data          0x0000000000800100        0x0 /usr/lib/gcc/avr/5.4.0/../../../avr/lib/avr5/crtatmega328p.o
 .data          0x0000000000800100        0x2 obj/Debug/main.o
                0x0000000000800100                current_temperature
 .data          0x0000000000800102        0x0 obj/Debug/util.o
 .data          0x0000000000800102        0x0 /home/sohamchakraborty/Desktop/Project 4/lib_projd.a(alarm.o)
 .data          0x0000000000800102       0x12 /home/sohamchakraborty/Desktop/Project 4/lib_projd.a(config.o)
 .data          0x0000000000800114        0x0 /home/sohamchakraborty/Desktop/Project 4/lib_projd.a(delay.o)
 .data          0x0000000000800114        0x0 /home/sohamchakraborty/Desktop/Project 4/lib_projd.a(Dhcp.o)
 .data          0x0000000000800114        0x0 /home/sohamchakraborty/Desktop/Project 4/lib_projd.a(eeprom.o)
 .data          0x0000000000800114        0x0 /home/sohamchakraborty/Desktop/Project 4/lib_projd.a(led.o)
 .data          0x0000000000800114        0x0 /home/sohamchakraborty/Desktop/Project 4/lib_projd.a(log.o)
 .data          0x0000000000800114        0x0 /home/sohamchakraborty/Desktop/Project 4/lib_projd.a(ntp.o)
 .data          0x0000000000800114       0x14 /home/sohamchakraborty/Desktop/Project 4/lib_projd.a(rtc.o)
 .data          0x0000000000800128        0x0 /home/sohamchakraborty/Desktop/Project 4/lib_projd.a(signature.o)
 .data          0x0000000000800128        0x0 /home/sohamchakraborty/Desktop/Project 4/lib_projd.a(socket.o)
 .data          0x0000000000800128        0x0 /home/sohamchakraborty/Desktop/Project 4/lib_projd.a(spi.o)
 .data          0x0000000000800128        0x0 /home/sohamchakraborty/Desktop/Project 4/lib_projd.a(str.o)
 .data          0x0000000000800128        0x0 /home/sohamchakraborty/Desktop/Project 4/lib_projd.a(temp.o)
 .data          0x0000000000800128        0x0 /home/sohamchakraborty/Desktop/Project 4/lib_projd.a(tempfsm.o)
 .data          0x0000000000800128        0x0 /home/sohamchakraborty/Desktop/Project 4/lib_projd.a(timer1.o)
 .data          0x0000000000800128        0x0 /home/sohamchakraborty/Desktop/Project 4/lib_projd.a(uart.o)
 .data          0x0000000000800128        0x8 /home/sohamchakraborty/Desktop/Project 4/lib_projd.a(util.o)
 .data          0x0000000000800130        0x0 /home/sohamchakraborty/Desktop/Project 4/lib_projd.a(vpd.o)
 .data          0x0000000000800130        0x0 /home/sohamchakraborty/Desktop/Project 4/lib_projd.a(w5x00.o)
 .data          0x0000000000800130        0x0 /home/sohamchakraborty/Desktop/Project 4/lib_projd.a(wdt.o)
 .data          0x0000000000800130        0x0 /home/sohamchakraborty/Desktop/Project 4/lib_projd.a(serial.o)
 .data          0x0000000000800130        0x0 /usr/lib/gcc/avr/5.4.0/avr5/libgcc.a(_mulsi3.o)
 .data          0x0000000000800130        0x0 /usr/lib/gcc/avr/5.4.0/avr5/libgcc.a(_udivmodhi4.o)
 .data          0x0000000000800130        0x0 /usr/lib/gcc/avr/5.4.0/avr5/libgcc.a(_divmodhi4.o)
 .data          0x0000000000800130        0x0 /usr/lib/gcc/avr/5.4.0/avr5/libgcc.a(_udivmodsi4.o)
 .data          0x0000000000800130        0x0 /usr/lib/gcc/avr/5.4.0/avr5/libgcc.a(_divmodsi4.o)
 .data          0x0000000000800130        0x0 /usr/lib/gcc/avr/5.4.0/avr5/libgcc.a(_negsi2.o)
 .data          0x0000000000800130        0x0 /usr/lib/gcc/avr/5.4.0/avr5/libgcc.a(_exit.o)
 .data          0x0000000000800130        0x0 /usr/lib/gcc/avr/5.4.0/avr5/libgcc.a(_tablejump2.o)
 .data          0x0000000000800130        0x0 /usr/lib/gcc/avr/5.4.0/avr5/libgcc.a(_copy_data.o)
 .data          0x0000000000800130        0x0 /usr/lib/gcc/avr/5.4.0/avr5/libgcc.a(_clear_bss.o)
 .data          0x0000000000800130        0x0 /usr/lib/gcc/avr/5.4.0/avr5/libgcc.a(_bswapsi2.o)
 .data          0x0000000000800130        0x0 /usr/lib/gcc/avr/5.4.0/avr5/libgcc.a(_umulhisi3.o)
 .data          0x0000000000800130        0x0 /usr/lib/gcc/avr/5.4.0/avr5/libgcc.a(_muluhisi3.o)
 *(.data*)
 *(.rodata)
 .rodata        0x0000000000800130      0x323 obj/Debug/main.o
 .rodata        0x0000000000800453        0x4 /home/sohamchakraborty/Desktop/Project 4/lib_projd.a(alarm.o)
 .rodata        0x0000000000800457        0x4 /home/sohamchakraborty/Desktop/Project 4/lib_projd.a(Dhcp.o)
 .rodata        0x000000000080045b        0x4 /home/sohamchakraborty/Desktop/Project 4/lib_projd.a(ntp.o)
 .rodata        0x000000000080045f        0xc /home/sohamchakraborty/Desktop/Project 4/lib_projd.a(rtc.o)
 .rodata        0x000000000080046b        0x6 /home/sohamchakraborty/Desktop/Project 4/lib_projd.a(socket.o)
 .rodata        0x0000000000800471       0x37 /home/sohamchakraborty/Desktop/Project 4/lib_projd.a(vpd.o)
 .rodata        0x00000000008004a8       0x10 /home/sohamchakraborty/Desktop/Project 4/lib_projd.a(w5x00.o)
 *(.rodata*)
 .rodata.str1.1
                0x00000000008004b8        0xa /home/sohamchakraborty/Desktop/Project 4/lib_projd.a(alarm.o)
                                          0xf (size before relaxing)
 .rodata.str1.1
                0x00000000008004c2        0x7 /home/sohamchakraborty/Desktop/Project 4/lib_projd.a(Dhcp.o)
 .rodata.str1.1
                0x00000000008004c9       0x13 /home/sohamchakraborty/Desktop/Project 4/lib_projd.a(ntp.o)
 .rodata.str1.1
                0x00000000008004dc       0x14 /home/sohamchakraborty/Desktop/Project 4/lib_projd.a(rtc.o)
 .rodata.str1.1
                0x00000000008004f0       0x3a /home/sohamchakraborty/Desktop/Project 4/lib_projd.a(signature.o)
 .rodata.str1.1
                0x000000000080052a        0x4 /home/sohamchakraborty/Desktop/Project 4/lib_projd.a(tempfsm.o)
                                          0x6 (size before relaxing)
 .rodata.str1.1
                0x000000000080052e        0x3 /home/sohamchakraborty/Desktop/Project 4/lib_projd.a(uart.o)
 *(.gnu.linkonce.d*)
                0x0000000000800532                . = ALIGN (0x2)
                0x0000000000800532                _edata = .
                0x0000000000800532                PROVIDE (__data_end, .)

.bss            0x000000000080052e      0x2d7
                0x000000000080052e                PROVIDE (__bss_start, .)
 *(.bss)
 .bss           0x000000000080052e        0x0 /usr/lib/gcc/avr/5.4.0/../../../avr/lib/avr5/crtatmega328p.o
 .bss           0x000000000080052e        0x0 obj/Debug/main.o
 .bss           0x000000000080052e        0x0 obj/Debug/util.o
 .bss           0x000000000080052e        0x0 /home/sohamchakraborty/Desktop/Project 4/lib_projd.a(alarm.o)
 .bss           0x000000000080052e        0x1 /home/sohamchakraborty/Desktop/Project 4/lib_projd.a(config.o)
 .bss           0x000000000080052f        0xe /home/sohamchakraborty/Desktop/Project 4/lib_projd.a(delay.o)
 .bss           0x000000000080053d       0x43 /home/sohamchakraborty/Desktop/Project 4/lib_projd.a(Dhcp.o)
 .bss           0x0000000000800580        0x0 /home/sohamchakraborty/Desktop/Project 4/lib_projd.a(eeprom.o)
 .bss           0x0000000000800580        0x5 /home/sohamchakraborty/Desktop/Project 4/lib_projd.a(led.o)
 .bss           0x0000000000800585       0x83 /home/sohamchakraborty/Desktop/Project 4/lib_projd.a(log.o)
 .bss           0x0000000000800608        0x0 /home/sohamchakraborty/Desktop/Project 4/lib_projd.a(ntp.o)
 .bss           0x0000000000800608        0x0 /home/sohamchakraborty/Desktop/Project 4/lib_projd.a(rtc.o)
 .bss           0x0000000000800608        0x0 /home/sohamchakraborty/Desktop/Project 4/lib_projd.a(signature.o)
 .bss           0x0000000000800608        0x2 /home/sohamchakraborty/Desktop/Project 4/lib_projd.a(socket.o)
 .bss           0x000000000080060a        0x1 /home/sohamchakraborty/Desktop/Project 4/lib_projd.a(spi.o)
 .bss           0x000000000080060b        0x0 /home/sohamchakraborty/Desktop/Project 4/lib_projd.a(str.o)
 .bss           0x000000000080060b        0x0 /home/sohamchakraborty/Desktop/Project 4/lib_projd.a(temp.o)
 .bss           0x000000000080060b        0x2 /home/sohamchakraborty/Desktop/Project 4/lib_projd.a(tempfsm.o)
 .bss           0x000000000080060d        0x4 /home/sohamchakraborty/Desktop/Project 4/lib_projd.a(timer1.o)
 .bss           0x0000000000800611        0x0 /home/sohamchakraborty/Desktop/Project 4/lib_projd.a(uart.o)
 .bss           0x0000000000800611        0x0 /home/sohamchakraborty/Desktop/Project 4/lib_projd.a(util.o)
 .bss           0x0000000000800611        0x0 /home/sohamchakraborty/Desktop/Project 4/lib_projd.a(vpd.o)
 .bss           0x0000000000800611        0x1 /home/sohamchakraborty/Desktop/Project 4/lib_projd.a(w5x00.o)
 .bss           0x0000000000800612        0x0 /home/sohamchakraborty/Desktop/Project 4/lib_projd.a(wdt.o)
 .bss           0x0000000000800612        0x7 /home/sohamchakraborty/Desktop/Project 4/lib_projd.a(serial.o)
                0x0000000000800612                txtail
                0x0000000000800613                txhead
                0x0000000000800614                rxtail
                0x0000000000800615                rxhead
 .bss           0x0000000000800619        0x0 /usr/lib/gcc/avr/5.4.0/avr5/libgcc.a(_mulsi3.o)
 .bss           0x0000000000800619        0x0 /usr/lib/gcc/avr/5.4.0/avr5/libgcc.a(_udivmodhi4.o)
 .bss           0x0000000000800619        0x0 /usr/lib/gcc/avr/5.4.0/avr5/libgcc.a(_divmodhi4.o)
 .bss           0x0000000000800619        0x0 /usr/lib/gcc/avr/5.4.0/avr5/libgcc.a(_udivmodsi4.o)
 .bss           0x0000000000800619        0x0 /usr/lib/gcc/avr/5.4.0/avr5/libgcc.a(_divmodsi4.o)
 .bss           0x0000000000800619        0x0 /usr/lib/gcc/avr/5.4.0/avr5/libgcc.a(_negsi2.o)
 .bss           0x0000000000800619        0x0 /usr/lib/gcc/avr/5.4.0/avr5/libgcc.a(_exit.o)
 .bss           0x0000000000800619        0x0 /usr/lib/gcc/avr/5.4.0/avr5/libgcc.a(_tablejump2.o)
 .bss           0x0000000000800619        0x0 /usr/lib/gcc/avr/5.4.0/avr5/libgcc.a(_copy_data.o)
 .bss           0x0000000000800619        0x0 /usr/lib/gcc/avr/5.4.0/avr5/libgcc.a(_clear_bss.o)
 .bss           0x0000000000800619        0x0 /usr/lib/gcc/avr/5.4.0/avr5/libgcc.a(_bswapsi2.o)
 .bss           0x0000000000800619        0x0 /usr/lib/gcc/avr/5.4.0/avr5/libgcc.a(_umulhisi3.o)
 .bss           0x0000000000800619        0x0 /usr/lib/gcc/avr/5.4.0/avr5/libgcc.a(_muluhisi3.o)
 *(.bss*)
 *(COMMON)
 COMMON         0x0000000000800619       0xda obj/Debug/main.o
                0x0000000000800619                message_ip
                0x000000000080061d                resMode
                0x000000000080061f                changeVal
                0x0000000000800621                local_ip
                0x0000000000800623                changeMode
                0x0000000000800625                parse_state
                0x0000000000800627                resetMode
                0x0000000000800629                reqMode
                0x000000000080062b                buf
 COMMON         0x00000000008006f3       0x12 /home/sohamchakraborty/Desktop/Project 4/lib_projd.a(config.o)
                0x00000000008006f3                config
 COMMON         0x0000000000800705       0x45 /home/sohamchakraborty/Desktop/Project 4/lib_projd.a(eeprom.o)
                0x0000000000800705                write_busy
                0x0000000000800706                writeaddr
                0x0000000000800708                writesize
                0x0000000000800709                writebuf
                0x0000000000800749                bufidx
 COMMON         0x000000000080074a        0x4 /home/sohamchakraborty/Desktop/Project 4/lib_projd.a(rtc.o)
                0x000000000080074a                rtc_base
 COMMON         0x000000000080074e       0x37 /home/sohamchakraborty/Desktop/Project 4/lib_projd.a(vpd.o)
                0x000000000080074e                vpd
 COMMON         0x0000000000800785       0x80 /home/sohamchakraborty/Desktop/Project 4/lib_projd.a(serial.o)
                0x0000000000800785                rxbuf
                0x00000000008007c5                txbuf
                0x0000000000800805                PROVIDE (__bss_end, .)
                0x0000000000005488                __data_load_start = LOADADDR (.data)
                0x00000000000058b6                __data_load_end = (__data_load_start + SIZEOF (.data))

.noinit         0x0000000000800805        0x0
                [!provide]                        PROVIDE (__noinit_start, .)
 *(.noinit*)
                [!provide]                        PROVIDE (__noinit_end, .)
                0x0000000000800805                _end = .
                [!provide]                        PROVIDE (__heap_start, .)

.eeprom         0x0000000000810000        0x0
 *(.eeprom*)
                0x0000000000810000                __eeprom_end = .

.fuse
 *(.fuse)
 *(.lfuse)
 *(.hfuse)
 *(.efuse)

.lock
 *(.lock*)

.signature
 *(.signature*)

.user_signatures
 *(.user_signatures*)

.stab           0x0000000000000000     0x1a1c
 *(.stab)
 .stab          0x0000000000000000     0x13bc obj/Debug/main.o
 .stab          0x00000000000013bc      0x660 obj/Debug/util.o
                                        0x66c (size before relaxing)

.stabstr        0x0000000000000000      0xfe9
 *(.stabstr)
 .stabstr       0x0000000000000000      0xfe9 obj/Debug/main.o

.stab.excl
 *(.stab.excl)

.stab.exclstr
 *(.stab.exclstr)

.stab.index
 *(.stab.index)

.stab.indexstr
 *(.stab.indexstr)

.comment        0x0000000000000000       0x11
 *(.comment)
 .comment       0x0000000000000000       0x11 obj/Debug/main.o
                                         0x12 (size before relaxing)
 .comment       0x0000000000000011       0x12 obj/Debug/util.o
 .comment       0x0000000000000011       0x12 /home/sohamchakraborty/Desktop/Project 4/lib_projd.a(alarm.o)
 .comment       0x0000000000000011       0x12 /home/sohamchakraborty/Desktop/Project 4/lib_projd.a(config.o)
 .comment       0x0000000000000011       0x12 /home/sohamchakraborty/Desktop/Project 4/lib_projd.a(delay.o)
 .comment       0x0000000000000011       0x12 /home/sohamchakraborty/Desktop/Project 4/lib_projd.a(Dhcp.o)
 .comment       0x0000000000000011       0x12 /home/sohamchakraborty/Desktop/Project 4/lib_projd.a(eeprom.o)
 .comment       0x0000000000000011       0x12 /home/sohamchakraborty/Desktop/Project 4/lib_projd.a(led.o)
 .comment       0x0000000000000011       0x12 /home/sohamchakraborty/Desktop/Project 4/lib_projd.a(log.o)
 .comment       0x0000000000000011       0x12 /home/sohamchakraborty/Desktop/Project 4/lib_projd.a(ntp.o)
 .comment       0x0000000000000011       0x12 /home/sohamchakraborty/Desktop/Project 4/lib_projd.a(rtc.o)
 .comment       0x0000000000000011       0x12 /home/sohamchakraborty/Desktop/Project 4/lib_projd.a(signature.o)
 .comment       0x0000000000000011       0x12 /home/sohamchakraborty/Desktop/Project 4/lib_projd.a(socket.o)
 .comment       0x0000000000000011       0x12 /home/sohamchakraborty/Desktop/Project 4/lib_projd.a(spi.o)
 .comment       0x0000000000000011       0x12 /home/sohamchakraborty/Desktop/Project 4/lib_projd.a(str.o)
 .comment       0x0000000000000011       0x12 /home/sohamchakraborty/Desktop/Project 4/lib_projd.a(temp.o)
 .comment       0x0000000000000011       0x12 /home/sohamchakraborty/Desktop/Project 4/lib_projd.a(tempfsm.o)
 .comment       0x0000000000000011       0x12 /home/sohamchakraborty/Desktop/Project 4/lib_projd.a(timer1.o)
 .comment       0x0000000000000011       0x12 /home/sohamchakraborty/Desktop/Project 4/lib_projd.a(uart.o)
 .comment       0x0000000000000011       0x12 /home/sohamchakraborty/Desktop/Project 4/lib_projd.a(util.o)
 .comment       0x0000000000000011       0x12 /home/sohamchakraborty/Desktop/Project 4/lib_projd.a(vpd.o)
 .comment       0x0000000000000011       0x12 /home/sohamchakraborty/Desktop/Project 4/lib_projd.a(w5x00.o)
 .comment       0x0000000000000011       0x12 /home/sohamchakraborty/Desktop/Project 4/lib_projd.a(wdt.o)
 .comment       0x0000000000000011       0x12 /home/sohamchakraborty/Desktop/Project 4/lib_projd.a(serial.o)

.note.gnu.avr.deviceinfo
                0x0000000000000000       0x40
 .note.gnu.avr.deviceinfo
                0x0000000000000000       0x40 /usr/lib/gcc/avr/5.4.0/../../../avr/lib/avr5/crtatmega328p.o

.note.gnu.build-id
 *(.note.gnu.build-id)

.debug
 *(.debug)

.line
 *(.line)

.debug_srcinfo
 *(.debug_srcinfo)

.debug_sfnames
 *(.debug_sfnames)

.debug_aranges
 *(.debug_aranges)

.debug_pubnames
 *(.debug_pubnames)

.debug_info     0x0000000000000000      0x5f4
 *(.debug_info .gnu.linkonce.wi.*)
 .debug_info    0x0000000000000000      0x5f4 /usr/lib/gcc/avr/5.4.0/../../../avr/lib/avr5/crtatmega328p.o

.debug_abbrev   0x0000000000000000      0x5a2
 *(.debug_abbrev)
 .debug_abbrev  0x0000000000000000      0x5a2 /usr/lib/gcc/avr/5.4.0/../../../avr/lib/avr5/crtatmega328p.o

.debug_line     0x0000000000000000       0x1a
 *(.debug_line .debug_line.* .debug_line_end)
 .debug_line    0x0000000000000000       0x1a /usr/lib/gcc/avr/5.4.0/../../../avr/lib/avr5/crtatmega328p.o

.debug_frame
 *(.debug_frame)

.debug_str      0x0000000000000000      0x208
 *(.debug_str)
 .debug_str     0x0000000000000000      0x208 /usr/lib/gcc/avr/5.4.0/../../../avr/lib/avr5/crtatmega328p.o

.debug_loc
 *(.debug_loc)

.debug_macinfo
 *(.debug_macinfo)

.debug_weaknames
 *(.debug_weaknames)

.debug_funcnames
 *(.debug_funcnames)

.debug_typenames
 *(.debug_typenames)

.debug_varnames
 *(.debug_varnames)

.debug_pubtypes
 *(.debug_pubtypes)

.debug_ranges
 *(.debug_ranges)

.debug_macro
 *(.debug_macro)
OUTPUT(bin/Debug/proj4.elf elf32-avr)
LOAD linker stubs

Cross Reference Table

Symbol                                            File
W5x_config                                        /home/sohamchakraborty/Desktop/Project 4/lib_projd.a(w5x00.o)
                                                  obj/Debug/main.o
W5x_execCmdSn                                     /home/sohamchakraborty/Desktop/Project 4/lib_projd.a(w5x00.o)
                                                  /home/sohamchakraborty/Desktop/Project 4/lib_projd.a(socket.o)
W5x_getRXReceivedSize                             /home/sohamchakraborty/Desktop/Project 4/lib_projd.a(w5x00.o)
                                                  /home/sohamchakraborty/Desktop/Project 4/lib_projd.a(socket.o)
W5x_getTXFreeSize                                 /home/sohamchakraborty/Desktop/Project 4/lib_projd.a(w5x00.o)
                                                  /home/sohamchakraborty/Desktop/Project 4/lib_projd.a(socket.o)
W5x_init                                          /home/sohamchakraborty/Desktop/Project 4/lib_projd.a(w5x00.o)
                                                  obj/Debug/main.o
W5x_read                                          /home/sohamchakraborty/Desktop/Project 4/lib_projd.a(w5x00.o)
W5x_readIR                                        /home/sohamchakraborty/Desktop/Project 4/lib_projd.a(w5x00.o)
W5x_readMR                                        /home/sohamchakraborty/Desktop/Project 4/lib_projd.a(w5x00.o)
W5x_readRTR                                       /home/sohamchakraborty/Desktop/Project 4/lib_projd.a(w5x00.o)
W5x_readSn                                        /home/sohamchakraborty/Desktop/Project 4/lib_projd.a(w5x00.o)
W5x_readSnCR                                      /home/sohamchakraborty/Desktop/Project 4/lib_projd.a(w5x00.o)
W5x_readSnDHAR                                    /home/sohamchakraborty/Desktop/Project 4/lib_projd.a(w5x00.o)
W5x_readSnDIPR                                    /home/sohamchakraborty/Desktop/Project 4/lib_projd.a(w5x00.o)
W5x_readSnDPORT                                   /home/sohamchakraborty/Desktop/Project 4/lib_projd.a(w5x00.o)
W5x_readSnIR                                      /home/sohamchakraborty/Desktop/Project 4/lib_projd.a(w5x00.o)
                                                  /home/sohamchakraborty/Desktop/Project 4/lib_projd.a(socket.o)
W5x_readSnMR                                      /home/sohamchakraborty/Desktop/Project 4/lib_projd.a(w5x00.o)
                                                  /home/sohamchakraborty/Desktop/Project 4/lib_projd.a(socket.o)
W5x_readSnMSSR                                    /home/sohamchakraborty/Desktop/Project 4/lib_projd.a(w5x00.o)
W5x_readSnPORT                                    /home/sohamchakraborty/Desktop/Project 4/lib_projd.a(w5x00.o)
W5x_readSnRX_RD                                   /home/sohamchakraborty/Desktop/Project 4/lib_projd.a(w5x00.o)
                                                  /home/sohamchakraborty/Desktop/Project 4/lib_projd.a(socket.o)
W5x_readSnRX_RSR                                  /home/sohamchakraborty/Desktop/Project 4/lib_projd.a(w5x00.o)
W5x_readSnRX_WR                                   /home/sohamchakraborty/Desktop/Project 4/lib_projd.a(w5x00.o)
W5x_readSnSR                                      /home/sohamchakraborty/Desktop/Project 4/lib_projd.a(w5x00.o)
                                                  /home/sohamchakraborty/Desktop/Project 4/lib_projd.a(socket.o)
W5x_readSnTX_FSR                                  /home/sohamchakraborty/Desktop/Project 4/lib_projd.a(w5x00.o)
W5x_readSnTX_RD                                   /home/sohamchakraborty/Desktop/Project 4/lib_projd.a(w5x00.o)
W5x_readSnTX_WR                                   /home/sohamchakraborty/Desktop/Project 4/lib_projd.a(w5x00.o)
W5x_readUPORT                                     /home/sohamchakraborty/Desktop/Project 4/lib_projd.a(w5x00.o)
W5x_read_data                                     /home/sohamchakraborty/Desktop/Project 4/lib_projd.a(w5x00.o)
                                                  /home/sohamchakraborty/Desktop/Project 4/lib_projd.a(socket.o)
W5x_readbuf                                       /home/sohamchakraborty/Desktop/Project 4/lib_projd.a(w5x00.o)
W5x_readbufGAR                                    /home/sohamchakraborty/Desktop/Project 4/lib_projd.a(w5x00.o)
W5x_readbufSHAR                                   /home/sohamchakraborty/Desktop/Project 4/lib_projd.a(w5x00.o)
W5x_readbufSIPR                                   /home/sohamchakraborty/Desktop/Project 4/lib_projd.a(w5x00.o)
W5x_readbufSUBR                                   /home/sohamchakraborty/Desktop/Project 4/lib_projd.a(w5x00.o)
W5x_readbufSn                                     /home/sohamchakraborty/Desktop/Project 4/lib_projd.a(w5x00.o)
W5x_readbufUIPR                                   /home/sohamchakraborty/Desktop/Project 4/lib_projd.a(w5x00.o)
W5x_recv_data_processing                          /home/sohamchakraborty/Desktop/Project 4/lib_projd.a(w5x00.o)
                                                  /home/sohamchakraborty/Desktop/Project 4/lib_projd.a(socket.o)
W5x_recv_data_processing_offset                   /home/sohamchakraborty/Desktop/Project 4/lib_projd.a(w5x00.o)
                                                  /home/sohamchakraborty/Desktop/Project 4/lib_projd.a(socket.o)
W5x_send_data_processing                          /home/sohamchakraborty/Desktop/Project 4/lib_projd.a(w5x00.o)
                                                  /home/sohamchakraborty/Desktop/Project 4/lib_projd.a(socket.o)
W5x_send_data_processing_offset                   /home/sohamchakraborty/Desktop/Project 4/lib_projd.a(w5x00.o)
                                                  /home/sohamchakraborty/Desktop/Project 4/lib_projd.a(socket.o)
W5x_write                                         /home/sohamchakraborty/Desktop/Project 4/lib_projd.a(w5x00.o)
W5x_writeIR                                       /home/sohamchakraborty/Desktop/Project 4/lib_projd.a(w5x00.o)
W5x_writeMR                                       /home/sohamchakraborty/Desktop/Project 4/lib_projd.a(w5x00.o)
W5x_writeRTR                                      /home/sohamchakraborty/Desktop/Project 4/lib_projd.a(w5x00.o)
W5x_writeSn                                       /home/sohamchakraborty/Desktop/Project 4/lib_projd.a(w5x00.o)
W5x_writeSnCR                                     /home/sohamchakraborty/Desktop/Project 4/lib_projd.a(w5x00.o)
W5x_writeSnDHAR                                   /home/sohamchakraborty/Desktop/Project 4/lib_projd.a(w5x00.o)
                                                  /home/sohamchakraborty/Desktop/Project 4/lib_projd.a(socket.o)
W5x_writeSnDIPR                                   /home/sohamchakraborty/Desktop/Project 4/lib_projd.a(w5x00.o)
                                                  /home/sohamchakraborty/Desktop/Project 4/lib_projd.a(socket.o)
W5x_writeSnDPORT                                  /home/sohamchakraborty/Desktop/Project 4/lib_projd.a(w5x00.o)
                                                  /home/sohamchakraborty/Desktop/Project 4/lib_projd.a(socket.o)
W5x_writeSnIR                                     /home/sohamchakraborty/Desktop/Project 4/lib_projd.a(w5x00.o)
                                                  /home/sohamchakraborty/Desktop/Project 4/lib_projd.a(socket.o)
W5x_writeSnMR                                     /home/sohamchakraborty/Desktop/Project 4/lib_projd.a(w5x00.o)
                                                  /home/sohamchakraborty/Desktop/Project 4/lib_projd.a(socket.o)
W5x_writeSnMSSR                                   /home/sohamchakraborty/Desktop/Project 4/lib_projd.a(w5x00.o)
W5x_writeSnPORT                                   /home/sohamchakraborty/Desktop/Project 4/lib_projd.a(w5x00.o)
                                                  /home/sohamchakraborty/Desktop/Project 4/lib_projd.a(socket.o)
W5x_writeSnRX_RD                                  /home/sohamchakraborty/Desktop/Project 4/lib_projd.a(w5x00.o)
                                                  /home/sohamchakraborty/Desktop/Project 4/lib_projd.a(socket.o)
W5x_writeSnRX_RSR                                 /home/sohamchakraborty/Desktop/Project 4/lib_projd.a(w5x00.o)
W5x_writeSnRX_WR                                  /home/sohamchakraborty/Desktop/Project 4/lib_projd.a(w5x00.o)
W5x_writeSnSR                                     /home/sohamchakraborty/Desktop/Project 4/lib_projd.a(w5x00.o)
W5x_writeSnTX_FSR                                 /home/sohamchakraborty/Desktop/Project 4/lib_projd.a(w5x00.o)
W5x_writeSnTX_RD                                  /home/sohamchakraborty/Desktop/Project 4/lib_projd.a(w5x00.o)
W5x_writeSnTX_WR                                  /home/sohamchakraborty/Desktop/Project 4/lib_projd.a(w5x00.o)
W5x_writeUPORT                                    /home/sohamchakraborty/Desktop/Project 4/lib_projd.a(w5x00.o)
W5x_writebuf                                      /home/sohamchakraborty/Desktop/Project 4/lib_projd.a(w5x00.o)
W5x_writebufGAR                                   /home/sohamchakraborty/Desktop/Project 4/lib_projd.a(w5x00.o)
W5x_writebufSHAR                                  /home/sohamchakraborty/Desktop/Project 4/lib_projd.a(w5x00.o)
W5x_writebufSIPR                                  /home/sohamchakraborty/Desktop/Project 4/lib_projd.a(w5x00.o)
W5x_writebufSUBR                                  /home/sohamchakraborty/Desktop/Project 4/lib_projd.a(w5x00.o)
W5x_writebufSn                                    /home/sohamchakraborty/Desktop/Project 4/lib_projd.a(w5x00.o)
W5x_writebufUIPR                                  /home/sohamchakraborty/Desktop/Project 4/lib_projd.a(w5x00.o)
_ZN9DhcpClass10checkLeaseEv                       /home/sohamchakraborty/Desktop/Project 4/lib_projd.a(Dhcp.o)
_ZN9DhcpClass10getLocalIpEv                       /home/sohamchakraborty/Desktop/Project 4/lib_projd.a(Dhcp.o)
_ZN9DhcpClass12getGatewayIpEv                     /home/sohamchakraborty/Desktop/Project 4/lib_projd.a(Dhcp.o)
_ZN9DhcpClass12presend_DHCPEv                     /home/sohamchakraborty/Desktop/Project 4/lib_projd.a(Dhcp.o)
_ZN9DhcpClass13beginWithDHCPEPhmm                 /home/sohamchakraborty/Desktop/Project 4/lib_projd.a(Dhcp.o)
_ZN9DhcpClass13getSubnetMaskEv                    /home/sohamchakraborty/Desktop/Project 4/lib_projd.a(Dhcp.o)
_ZN9DhcpClass14getDnsServerIpEv                   /home/sohamchakraborty/Desktop/Project 4/lib_projd.a(Dhcp.o)
_ZN9DhcpClass15getDhcpServerIpEv                  /home/sohamchakraborty/Desktop/Project 4/lib_projd.a(Dhcp.o)
_ZN9DhcpClass16reset_DHCP_leaseEv                 /home/sohamchakraborty/Desktop/Project 4/lib_projd.a(Dhcp.o)
_ZN9DhcpClass17parseDHCPResponseEmRm              /home/sohamchakraborty/Desktop/Project 4/lib_projd.a(Dhcp.o)
_ZN9DhcpClass17send_DHCP_MESSAGEEhj               /home/sohamchakraborty/Desktop/Project 4/lib_projd.a(Dhcp.o)
_ZN9DhcpClass18request_DHCP_leaseEv               /home/sohamchakraborty/Desktop/Project 4/lib_projd.a(Dhcp.o)
_ZN9DhcpClass9printByteEPch                       /home/sohamchakraborty/Desktop/Project 4/lib_projd.a(Dhcp.o)
__FUSE_REGION_LENGTH__                            /usr/lib/gcc/avr/5.4.0/../../../avr/lib/avr5/crtatmega328p.o
__bad_interrupt                                   /usr/lib/gcc/avr/5.4.0/../../../avr/lib/avr5/crtatmega328p.o
__bss_end                                         /usr/lib/gcc/avr/5.4.0/avr5/libgcc.a(_clear_bss.o)
__bss_start                                       /usr/lib/gcc/avr/5.4.0/avr5/libgcc.a(_clear_bss.o)
__bswapsi2                                        /usr/lib/gcc/avr/5.4.0/avr5/libgcc.a(_bswapsi2.o)
                                                  /home/sohamchakraborty/Desktop/Project 4/lib_projd.a(Dhcp.o)
__data_end                                        /usr/lib/gcc/avr/5.4.0/avr5/libgcc.a(_copy_data.o)
__data_load_start                                 /usr/lib/gcc/avr/5.4.0/avr5/libgcc.a(_copy_data.o)
__data_start                                      /usr/lib/gcc/avr/5.4.0/avr5/libgcc.a(_copy_data.o)
__divmodhi4                                       /usr/lib/gcc/avr/5.4.0/avr5/libgcc.a(_divmodhi4.o)
                                                  /home/sohamchakraborty/Desktop/Project 4/lib_projd.a(log.o)
__divmodsi4                                       /usr/lib/gcc/avr/5.4.0/avr5/libgcc.a(_divmodsi4.o)
                                                  /home/sohamchakraborty/Desktop/Project 4/lib_projd.a(uart.o)
                                                  /home/sohamchakraborty/Desktop/Project 4/lib_projd.a(temp.o)
                                                  /home/sohamchakraborty/Desktop/Project 4/lib_projd.a(socket.o)
__do_clear_bss                                    /usr/lib/gcc/avr/5.4.0/avr5/libgcc.a(_clear_bss.o)
                                                  /home/sohamchakraborty/Desktop/Project 4/lib_projd.a(serial.o)
                                                  /home/sohamchakraborty/Desktop/Project 4/lib_projd.a(w5x00.o)
                                                  /home/sohamchakraborty/Desktop/Project 4/lib_projd.a(vpd.o)
                                                  /home/sohamchakraborty/Desktop/Project 4/lib_projd.a(timer1.o)
                                                  /home/sohamchakraborty/Desktop/Project 4/lib_projd.a(tempfsm.o)
                                                  /home/sohamchakraborty/Desktop/Project 4/lib_projd.a(spi.o)
                                                  /home/sohamchakraborty/Desktop/Project 4/lib_projd.a(socket.o)
                                                  /home/sohamchakraborty/Desktop/Project 4/lib_projd.a(rtc.o)
                                                  /home/sohamchakraborty/Desktop/Project 4/lib_projd.a(log.o)
                                                  /home/sohamchakraborty/Desktop/Project 4/lib_projd.a(led.o)
                                                  /home/sohamchakraborty/Desktop/Project 4/lib_projd.a(eeprom.o)
                                                  /home/sohamchakraborty/Desktop/Project 4/lib_projd.a(Dhcp.o)
                                                  /home/sohamchakraborty/Desktop/Project 4/lib_projd.a(delay.o)
                                                  /home/sohamchakraborty/Desktop/Project 4/lib_projd.a(config.o)
                                                  obj/Debug/main.o
__do_copy_data                                    /usr/lib/gcc/avr/5.4.0/avr5/libgcc.a(_copy_data.o)
                                                  /home/sohamchakraborty/Desktop/Project 4/lib_projd.a(w5x00.o)
                                                  /home/sohamchakraborty/Desktop/Project 4/lib_projd.a(vpd.o)
                                                  /home/sohamchakraborty/Desktop/Project 4/lib_projd.a(util.o)
                                                  /home/sohamchakraborty/Desktop/Project 4/lib_projd.a(uart.o)
                                                  /home/sohamchakraborty/Desktop/Project 4/lib_projd.a(tempfsm.o)
                                                  /home/sohamchakraborty/Desktop/Project 4/lib_projd.a(socket.o)
                                                  /home/sohamchakraborty/Desktop/Project 4/lib_projd.a(signature.o)
                                                  /home/sohamchakraborty/Desktop/Project 4/lib_projd.a(rtc.o)
                                                  /home/sohamchakraborty/Desktop/Project 4/lib_projd.a(ntp.o)
                                                  /home/sohamchakraborty/Desktop/Project 4/lib_projd.a(Dhcp.o)
                                                  /home/sohamchakraborty/Desktop/Project 4/lib_projd.a(config.o)
                                                  /home/sohamchakraborty/Desktop/Project 4/lib_projd.a(alarm.o)
                                                  obj/Debug/main.o
__heap_end                                        /usr/lib/gcc/avr/5.4.0/../../../avr/lib/avr5/crtatmega328p.o
__init                                            /usr/lib/gcc/avr/5.4.0/../../../avr/lib/avr5/crtatmega328p.o
__mulsi3                                          /usr/lib/gcc/avr/5.4.0/avr5/libgcc.a(_mulsi3.o)
                                                  /home/sohamchakraborty/Desktop/Project 4/lib_projd.a(rtc.o)
__muluhisi3                                       /usr/lib/gcc/avr/5.4.0/avr5/libgcc.a(_muluhisi3.o)
                                                  /usr/lib/gcc/avr/5.4.0/avr5/libgcc.a(_mulsi3.o)
                                                  /home/sohamchakraborty/Desktop/Project 4/lib_projd.a(util.o)
                                                  /home/sohamchakraborty/Desktop/Project 4/lib_projd.a(uart.o)
                                                  /home/sohamchakraborty/Desktop/Project 4/lib_projd.a(temp.o)
                                                  /home/sohamchakraborty/Desktop/Project 4/lib_projd.a(socket.o)
                                                  /home/sohamchakraborty/Desktop/Project 4/lib_projd.a(rtc.o)
__negsi2                                          /usr/lib/gcc/avr/5.4.0/avr5/libgcc.a(_negsi2.o)
                                                  /usr/lib/gcc/avr/5.4.0/avr5/libgcc.a(_divmodsi4.o)
__stack                                           /usr/lib/gcc/avr/5.4.0/../../../avr/lib/avr5/crtatmega328p.o
__tablejump2__                                    /usr/lib/gcc/avr/5.4.0/avr5/libgcc.a(_tablejump2.o)
                                                  /home/sohamchakraborty/Desktop/Project 4/lib_projd.a(tempfsm.o)
__udivmodhi4                                      /usr/lib/gcc/avr/5.4.0/avr5/libgcc.a(_udivmodhi4.o)
                                                  /usr/lib/gcc/avr/5.4.0/avr5/libgcc.a(_divmodhi4.o)
                                                  /home/sohamchakraborty/Desktop/Project 4/lib_projd.a(str.o)
                                                  /home/sohamchakraborty/Desktop/Project 4/lib_projd.a(rtc.o)
__udivmodsi4                                      /usr/lib/gcc/avr/5.4.0/avr5/libgcc.a(_udivmodsi4.o)
                                                  /usr/lib/gcc/avr/5.4.0/avr5/libgcc.a(_divmodsi4.o)
                                                  /home/sohamchakraborty/Desktop/Project 4/lib_projd.a(util.o)
                                                  /home/sohamchakraborty/Desktop/Project 4/lib_projd.a(rtc.o)
                                                  /home/sohamchakraborty/Desktop/Project 4/lib_projd.a(Dhcp.o)
__umulhisi3                                       /usr/lib/gcc/avr/5.4.0/avr5/libgcc.a(_umulhisi3.o)
                                                  /usr/lib/gcc/avr/5.4.0/avr5/libgcc.a(_muluhisi3.o)
                                                  /home/sohamchakraborty/Desktop/Project 4/lib_projd.a(rtc.o)
__vector_1                                        /usr/lib/gcc/avr/5.4.0/../../../avr/lib/avr5/crtatmega328p.o
__vector_10                                       /usr/lib/gcc/avr/5.4.0/../../../avr/lib/avr5/crtatmega328p.o
__vector_11                                       /home/sohamchakraborty/Desktop/Project 4/lib_projd.a(timer1.o)
                                                  /usr/lib/gcc/avr/5.4.0/../../../avr/lib/avr5/crtatmega328p.o
__vector_12                                       /usr/lib/gcc/avr/5.4.0/../../../avr/lib/avr5/crtatmega328p.o
__vector_13                                       /usr/lib/gcc/avr/5.4.0/../../../avr/lib/avr5/crtatmega328p.o
__vector_14                                       /home/sohamchakraborty/Desktop/Project 4/lib_projd.a(delay.o)
                                                  /usr/lib/gcc/avr/5.4.0/../../../avr/lib/avr5/crtatmega328p.o
__vector_15                                       /usr/lib/gcc/avr/5.4.0/../../../avr/lib/avr5/crtatmega328p.o
__vector_16                                       /usr/lib/gcc/avr/5.4.0/../../../avr/lib/avr5/crtatmega328p.o
__vector_17                                       /usr/lib/gcc/avr/5.4.0/../../../avr/lib/avr5/crtatmega328p.o
__vector_18                                       /home/sohamchakraborty/Desktop/Project 4/lib_projd.a(serial.o)
                                                  /usr/lib/gcc/avr/5.4.0/../../../avr/lib/avr5/crtatmega328p.o
__vector_19                                       /home/sohamchakraborty/Desktop/Project 4/lib_projd.a(serial.o)
                                                  /usr/lib/gcc/avr/5.4.0/../../../avr/lib/avr5/crtatmega328p.o
__vector_2                                        /usr/lib/gcc/avr/5.4.0/../../../avr/lib/avr5/crtatmega328p.o
__vector_20                                       /usr/lib/gcc/avr/5.4.0/../../../avr/lib/avr5/crtatmega328p.o
__vector_21                                       /usr/lib/gcc/avr/5.4.0/../../../avr/lib/avr5/crtatmega328p.o
__vector_22                                       /home/sohamchakraborty/Desktop/Project 4/lib_projd.a(eeprom.o)
                                                  /usr/lib/gcc/avr/5.4.0/../../../avr/lib/avr5/crtatmega328p.o
__vector_23                                       /usr/lib/gcc/avr/5.4.0/../../../avr/lib/avr5/crtatmega328p.o
__vector_24                                       /usr/lib/gcc/avr/5.4.0/../../../avr/lib/avr5/crtatmega328p.o
__vector_25                                       /usr/lib/gcc/avr/5.4.0/../../../avr/lib/avr5/crtatmega328p.o
__vector_3                                        /usr/lib/gcc/avr/5.4.0/../../../avr/lib/avr5/crtatmega328p.o
__vector_4                                        /usr/lib/gcc/avr/5.4.0/../../../avr/lib/avr5/crtatmega328p.o
__vector_5                                        /usr/lib/gcc/avr/5.4.0/../../../avr/lib/avr5/crtatmega328p.o
__vector_6                                        /home/sohamchakraborty/Desktop/Project 4/lib_projd.a(wdt.o)
                                                  /usr/lib/gcc/avr/5.4.0/../../../avr/lib/avr5/crtatmega328p.o
__vector_7                                        /usr/lib/gcc/avr/5.4.0/../../../avr/lib/avr5/crtatmega328p.o
__vector_8                                        /usr/lib/gcc/avr/5.4.0/../../../avr/lib/avr5/crtatmega328p.o
__vector_9                                        /usr/lib/gcc/avr/5.4.0/../../../avr/lib/avr5/crtatmega328p.o
__vector_default                                  /usr/lib/gcc/avr/5.4.0/../../../avr/lib/avr5/crtatmega328p.o
__vectors                                         /usr/lib/gcc/avr/5.4.0/../../../avr/lib/avr5/crtatmega328p.o
_div                                              /usr/lib/gcc/avr/5.4.0/avr5/libgcc.a(_divmodhi4.o)
_exit                                             /usr/lib/gcc/avr/5.4.0/avr5/libgcc.a(_exit.o)
alarm_init                                        /home/sohamchakraborty/Desktop/Project 4/lib_projd.a(alarm.o)
alarm_send                                        /home/sohamchakraborty/Desktop/Project 4/lib_projd.a(alarm.o)
                                                  /home/sohamchakraborty/Desktop/Project 4/lib_projd.a(tempfsm.o)
                                                  /home/sohamchakraborty/Desktop/Project 4/lib_projd.a(signature.o)
                                                  obj/Debug/main.o
buf                                               obj/Debug/main.o
bufidx                                            /home/sohamchakraborty/Desktop/Project 4/lib_projd.a(eeprom.o)
calc_checksum                                     obj/Debug/util.o
changeMode                                        obj/Debug/main.o
changeVal                                         obj/Debug/main.o
check_for_test_start                              /home/sohamchakraborty/Desktop/Project 4/lib_projd.a(signature.o)
                                                  obj/Debug/main.o
config                                            /home/sohamchakraborty/Desktop/Project 4/lib_projd.a(config.o)
                                                  obj/Debug/util.o
                                                  obj/Debug/main.o
config_init                                       /home/sohamchakraborty/Desktop/Project 4/lib_projd.a(config.o)
                                                  obj/Debug/main.o
config_is_data_valid                              /home/sohamchakraborty/Desktop/Project 4/lib_projd.a(config.o)
config_set_modified                               /home/sohamchakraborty/Desktop/Project 4/lib_projd.a(config.o)
                                                  obj/Debug/main.o
config_update                                     /home/sohamchakraborty/Desktop/Project 4/lib_projd.a(config.o)
                                                  obj/Debug/main.o
config_update_noisr                               /home/sohamchakraborty/Desktop/Project 4/lib_projd.a(config.o)
                                                  /home/sohamchakraborty/Desktop/Project 4/lib_projd.a(wdt.o)
config_write_defaults                             /home/sohamchakraborty/Desktop/Project 4/lib_projd.a(config.o)
current_temperature                               obj/Debug/main.o
delay_get                                         /home/sohamchakraborty/Desktop/Project 4/lib_projd.a(delay.o)
delay_init                                        /home/sohamchakraborty/Desktop/Project 4/lib_projd.a(delay.o)
delay_isdone                                      /home/sohamchakraborty/Desktop/Project 4/lib_projd.a(delay.o)
                                                  /home/sohamchakraborty/Desktop/Project 4/lib_projd.a(led.o)
                                                  obj/Debug/main.o
delay_set                                         /home/sohamchakraborty/Desktop/Project 4/lib_projd.a(delay.o)
                                                  /home/sohamchakraborty/Desktop/Project 4/lib_projd.a(led.o)
dhcp_checkLease                                   /home/sohamchakraborty/Desktop/Project 4/lib_projd.a(Dhcp.o)
dhcp_getDhcpServerIp                              /home/sohamchakraborty/Desktop/Project 4/lib_projd.a(Dhcp.o)
dhcp_getDnsServerIp                               /home/sohamchakraborty/Desktop/Project 4/lib_projd.a(Dhcp.o)
dhcp_getGatewayIp                                 /home/sohamchakraborty/Desktop/Project 4/lib_projd.a(Dhcp.o)
                                                  obj/Debug/main.o
dhcp_getLocalIp                                   /home/sohamchakraborty/Desktop/Project 4/lib_projd.a(Dhcp.o)
                                                  obj/Debug/main.o
dhcp_getSubnetMask                                /home/sohamchakraborty/Desktop/Project 4/lib_projd.a(Dhcp.o)
                                                  obj/Debug/main.o
dhcp_start                                        /home/sohamchakraborty/Desktop/Project 4/lib_projd.a(Dhcp.o)
                                                  obj/Debug/main.o
eeprom_isbusy                                     /home/sohamchakraborty/Desktop/Project 4/lib_projd.a(eeprom.o)
                                                  /home/sohamchakraborty/Desktop/Project 4/lib_projd.a(vpd.o)
                                                  /home/sohamchakraborty/Desktop/Project 4/lib_projd.a(log.o)
                                                  /home/sohamchakraborty/Desktop/Project 4/lib_projd.a(config.o)
                                                  obj/Debug/main.o
eeprom_readbuf                                    /home/sohamchakraborty/Desktop/Project 4/lib_projd.a(eeprom.o)
                                                  /home/sohamchakraborty/Desktop/Project 4/lib_projd.a(vpd.o)
                                                  /home/sohamchakraborty/Desktop/Project 4/lib_projd.a(log.o)
                                                  /home/sohamchakraborty/Desktop/Project 4/lib_projd.a(config.o)
eeprom_startwrite                                 /home/sohamchakraborty/Desktop/Project 4/lib_projd.a(eeprom.o)
eeprom_writebuf                                   /home/sohamchakraborty/Desktop/Project 4/lib_projd.a(eeprom.o)
                                                  /home/sohamchakraborty/Desktop/Project 4/lib_projd.a(vpd.o)
                                                  /home/sohamchakraborty/Desktop/Project 4/lib_projd.a(log.o)
                                                  /home/sohamchakraborty/Desktop/Project 4/lib_projd.a(config.o)
eeprom_writebuf_noisr                             /home/sohamchakraborty/Desktop/Project 4/lib_projd.a(eeprom.o)
                                                  /home/sohamchakraborty/Desktop/Project 4/lib_projd.a(log.o)
                                                  /home/sohamchakraborty/Desktop/Project 4/lib_projd.a(config.o)
exit                                              /usr/lib/gcc/avr/5.4.0/avr5/libgcc.a(_exit.o)
                                                  /usr/lib/gcc/avr/5.4.0/../../../avr/lib/avr5/crtatmega328p.o
get_month                                         /home/sohamchakraborty/Desktop/Project 4/lib_projd.a(rtc.o)
http_parse_init                                   obj/Debug/main.o
http_parse_update                                 obj/Debug/main.o
isW5100                                           /home/sohamchakraborty/Desktop/Project 4/lib_projd.a(w5x00.o)
isW5500                                           /home/sohamchakraborty/Desktop/Project 4/lib_projd.a(w5x00.o)
is_leapyear                                       /home/sohamchakraborty/Desktop/Project 4/lib_projd.a(rtc.o)
led_init                                          /home/sohamchakraborty/Desktop/Project 4/lib_projd.a(led.o)
                                                  obj/Debug/main.o
led_is_on                                         /home/sohamchakraborty/Desktop/Project 4/lib_projd.a(led.o)
led_off                                           /home/sohamchakraborty/Desktop/Project 4/lib_projd.a(led.o)
led_on                                            /home/sohamchakraborty/Desktop/Project 4/lib_projd.a(led.o)
                                                  /home/sohamchakraborty/Desktop/Project 4/lib_projd.a(wdt.o)
led_set_blink                                     /home/sohamchakraborty/Desktop/Project 4/lib_projd.a(led.o)
                                                  /home/sohamchakraborty/Desktop/Project 4/lib_projd.a(tempfsm.o)
led_update                                        /home/sohamchakraborty/Desktop/Project 4/lib_projd.a(led.o)
                                                  obj/Debug/main.o
local_ip                                          obj/Debug/main.o
log_add_record                                    /home/sohamchakraborty/Desktop/Project 4/lib_projd.a(log.o)
                                                  /home/sohamchakraborty/Desktop/Project 4/lib_projd.a(wdt.o)
                                                  /home/sohamchakraborty/Desktop/Project 4/lib_projd.a(tempfsm.o)
                                                  obj/Debug/main.o
log_clear                                         /home/sohamchakraborty/Desktop/Project 4/lib_projd.a(log.o)
                                                  obj/Debug/main.o
log_get_num_entries                               /home/sohamchakraborty/Desktop/Project 4/lib_projd.a(log.o)
                                                  obj/Debug/main.o
log_get_record                                    /home/sohamchakraborty/Desktop/Project 4/lib_projd.a(log.o)
                                                  obj/Debug/main.o
log_init                                          /home/sohamchakraborty/Desktop/Project 4/lib_projd.a(log.o)
                                                  obj/Debug/main.o
log_is_data_valid                                 /home/sohamchakraborty/Desktop/Project 4/lib_projd.a(log.o)
log_update                                        /home/sohamchakraborty/Desktop/Project 4/lib_projd.a(log.o)
                                                  obj/Debug/main.o
log_update_noisr                                  /home/sohamchakraborty/Desktop/Project 4/lib_projd.a(log.o)
                                                  /home/sohamchakraborty/Desktop/Project 4/lib_projd.a(wdt.o)
main                                              obj/Debug/main.o
                                                  /usr/lib/gcc/avr/5.4.0/../../../avr/lib/avr5/crtatmega328p.o
mem_cmp                                           /home/sohamchakraborty/Desktop/Project 4/lib_projd.a(str.o)
                                                  /home/sohamchakraborty/Desktop/Project 4/lib_projd.a(Dhcp.o)
mem_cpy                                           /home/sohamchakraborty/Desktop/Project 4/lib_projd.a(str.o)
                                                  /home/sohamchakraborty/Desktop/Project 4/lib_projd.a(signature.o)
                                                  /home/sohamchakraborty/Desktop/Project 4/lib_projd.a(Dhcp.o)
mem_set                                           /home/sohamchakraborty/Desktop/Project 4/lib_projd.a(str.o)
                                                  /home/sohamchakraborty/Desktop/Project 4/lib_projd.a(Dhcp.o)
message_ip                                        obj/Debug/main.o
millis                                            /home/sohamchakraborty/Desktop/Project 4/lib_projd.a(delay.o)
                                                  /home/sohamchakraborty/Desktop/Project 4/lib_projd.a(w5x00.o)
                                                  /home/sohamchakraborty/Desktop/Project 4/lib_projd.a(ntp.o)
                                                  /home/sohamchakraborty/Desktop/Project 4/lib_projd.a(Dhcp.o)
                                                  /home/sohamchakraborty/Desktop/Project 4/lib_projd.a(alarm.o)
ntp_sync_network_time                             /home/sohamchakraborty/Desktop/Project 4/lib_projd.a(ntp.o)
                                                  obj/Debug/main.o
parse_state                                       obj/Debug/main.o
random                                            /home/sohamchakraborty/Desktop/Project 4/lib_projd.a(util.o)
                                                  /home/sohamchakraborty/Desktop/Project 4/lib_projd.a(Dhcp.o)
random_seed                                       /home/sohamchakraborty/Desktop/Project 4/lib_projd.a(util.o)
reqMode                                           obj/Debug/main.o
resMode                                           obj/Debug/main.o
resetMode                                         obj/Debug/main.o
rtc_base                                          /home/sohamchakraborty/Desktop/Project 4/lib_projd.a(rtc.o)
rtc_get_date                                      /home/sohamchakraborty/Desktop/Project 4/lib_projd.a(rtc.o)
                                                  /home/sohamchakraborty/Desktop/Project 4/lib_projd.a(log.o)
rtc_get_date_string                               /home/sohamchakraborty/Desktop/Project 4/lib_projd.a(rtc.o)
                                                  /home/sohamchakraborty/Desktop/Project 4/lib_projd.a(ntp.o)
                                                  /home/sohamchakraborty/Desktop/Project 4/lib_projd.a(alarm.o)
rtc_init                                          /home/sohamchakraborty/Desktop/Project 4/lib_projd.a(rtc.o)
                                                  obj/Debug/main.o
rtc_num2datestr                                   /home/sohamchakraborty/Desktop/Project 4/lib_projd.a(rtc.o)
                                                  /home/sohamchakraborty/Desktop/Project 4/lib_projd.a(socket.o)
                                                  /home/sohamchakraborty/Desktop/Project 4/lib_projd.a(ntp.o)
rtc_set_by_datestr                                /home/sohamchakraborty/Desktop/Project 4/lib_projd.a(rtc.o)
                                                  /home/sohamchakraborty/Desktop/Project 4/lib_projd.a(ntp.o)
rtc_set_date                                      /home/sohamchakraborty/Desktop/Project 4/lib_projd.a(rtc.o)
rxbuf                                             /home/sohamchakraborty/Desktop/Project 4/lib_projd.a(serial.o)
rxhead                                            /home/sohamchakraborty/Desktop/Project 4/lib_projd.a(serial.o)
rxtail                                            /home/sohamchakraborty/Desktop/Project 4/lib_projd.a(serial.o)
serial_init                                       /home/sohamchakraborty/Desktop/Project 4/lib_projd.a(serial.o)
                                                  /home/sohamchakraborty/Desktop/Project 4/lib_projd.a(uart.o)
serial_is_packet_ready                            /home/sohamchakraborty/Desktop/Project 4/lib_projd.a(serial.o)
                                                  /home/sohamchakraborty/Desktop/Project 4/lib_projd.a(uart.o)
serial_isconnected                                /home/sohamchakraborty/Desktop/Project 4/lib_projd.a(serial.o)
                                                  /home/sohamchakraborty/Desktop/Project 4/lib_projd.a(uart.o)
serial_popchar                                    /home/sohamchakraborty/Desktop/Project 4/lib_projd.a(serial.o)
                                                  /home/sohamchakraborty/Desktop/Project 4/lib_projd.a(uart.o)
                                                  /home/sohamchakraborty/Desktop/Project 4/lib_projd.a(signature.o)
serial_rxchars                                    /home/sohamchakraborty/Desktop/Project 4/lib_projd.a(serial.o)
                                                  /home/sohamchakraborty/Desktop/Project 4/lib_projd.a(uart.o)
                                                  /home/sohamchakraborty/Desktop/Project 4/lib_projd.a(signature.o)
serial_writechar                                  /home/sohamchakraborty/Desktop/Project 4/lib_projd.a(serial.o)
                                                  /home/sohamchakraborty/Desktop/Project 4/lib_projd.a(uart.o)
serial_writestr                                   /home/sohamchakraborty/Desktop/Project 4/lib_projd.a(serial.o)
serial_writestr_P                                 /home/sohamchakraborty/Desktop/Project 4/lib_projd.a(serial.o)
signature_set                                     /home/sohamchakraborty/Desktop/Project 4/lib_projd.a(signature.o)
                                                  obj/Debug/main.o
siminfo_cpufrequency                              /home/sohamchakraborty/Desktop/Project 4/lib_projd.a(uart.o)
siminfo_device                                    /home/sohamchakraborty/Desktop/Project 4/lib_projd.a(uart.o)
siminfo_serial_in                                 /home/sohamchakraborty/Desktop/Project 4/lib_projd.a(uart.o)
siminfo_serial_out                                /home/sohamchakraborty/Desktop/Project 4/lib_projd.a(uart.o)
socket_close                                      /home/sohamchakraborty/Desktop/Project 4/lib_projd.a(socket.o)